Archive member included because of file (symbol)

/home/gombe/workspace/machikania/origdev/pic32/compiler/pic32-tools/bin/../lib/gcc/pic32mx/4.5.2/../../../../pic32mx/lib/libm.a(lib_a-s_cos.o)
                              obj/matrix4.o (cos)
/home/gombe/workspace/machikania/origdev/pic32/compiler/pic32-tools/bin/../lib/gcc/pic32mx/4.5.2/../../../../pic32mx/lib/libm.a(lib_a-sf_cos.o)
                              obj/matrix4.o (cosf)
/home/gombe/workspace/machikania/origdev/pic32/compiler/pic32-tools/bin/../lib/gcc/pic32mx/4.5.2/../../../../pic32mx/lib/libm.a(lib_a-sf_sin.o)
                              obj/matrix4.o (sinf)
/home/gombe/workspace/machikania/origdev/pic32/compiler/pic32-tools/bin/../lib/gcc/pic32mx/4.5.2/../../../../pic32mx/lib/libm.a(lib_a-s_sin.o)
                              obj/matrix4.o (sin)
/home/gombe/workspace/machikania/origdev/pic32/compiler/pic32-tools/bin/../lib/gcc/pic32mx/4.5.2/../../../../pic32mx/lib/libm.a(lib_a-s_tan.o)
                              obj/matrix4.o (tan)
/home/gombe/workspace/machikania/origdev/pic32/compiler/pic32-tools/bin/../lib/gcc/pic32mx/4.5.2/../../../../pic32mx/lib/libm.a(lib_a-ef_rem_pio2.o)
                              /home/gombe/workspace/machikania/origdev/pic32/compiler/pic32-tools/bin/../lib/gcc/pic32mx/4.5.2/../../../../pic32mx/lib/libm.a(lib_a-sf_cos.o) (__ieee754_rem_pio2f)
/home/gombe/workspace/machikania/origdev/pic32/compiler/pic32-tools/bin/../lib/gcc/pic32mx/4.5.2/../../../../pic32mx/lib/libm.a(lib_a-e_rem_pio2.o)
                              /home/gombe/workspace/machikania/origdev/pic32/compiler/pic32-tools/bin/../lib/gcc/pic32mx/4.5.2/../../../../pic32mx/lib/libm.a(lib_a-s_cos.o) (__ieee754_rem_pio2)
/home/gombe/workspace/machikania/origdev/pic32/compiler/pic32-tools/bin/../lib/gcc/pic32mx/4.5.2/../../../../pic32mx/lib/libm.a(lib_a-k_cos.o)
                              /home/gombe/workspace/machikania/origdev/pic32/compiler/pic32-tools/bin/../lib/gcc/pic32mx/4.5.2/../../../../pic32mx/lib/libm.a(lib_a-s_cos.o) (__kernel_cos)
/home/gombe/workspace/machikania/origdev/pic32/compiler/pic32-tools/bin/../lib/gcc/pic32mx/4.5.2/../../../../pic32mx/lib/libm.a(lib_a-kf_cos.o)
                              /home/gombe/workspace/machikania/origdev/pic32/compiler/pic32-tools/bin/../lib/gcc/pic32mx/4.5.2/../../../../pic32mx/lib/libm.a(lib_a-sf_cos.o) (__kernel_cosf)
/home/gombe/workspace/machikania/origdev/pic32/compiler/pic32-tools/bin/../lib/gcc/pic32mx/4.5.2/../../../../pic32mx/lib/libm.a(lib_a-kf_rem_pio2.o)
                              /home/gombe/workspace/machikania/origdev/pic32/compiler/pic32-tools/bin/../lib/gcc/pic32mx/4.5.2/../../../../pic32mx/lib/libm.a(lib_a-ef_rem_pio2.o) (__kernel_rem_pio2f)
/home/gombe/workspace/machikania/origdev/pic32/compiler/pic32-tools/bin/../lib/gcc/pic32mx/4.5.2/../../../../pic32mx/lib/libm.a(lib_a-kf_sin.o)
                              /home/gombe/workspace/machikania/origdev/pic32/compiler/pic32-tools/bin/../lib/gcc/pic32mx/4.5.2/../../../../pic32mx/lib/libm.a(lib_a-sf_cos.o) (__kernel_sinf)
/home/gombe/workspace/machikania/origdev/pic32/compiler/pic32-tools/bin/../lib/gcc/pic32mx/4.5.2/../../../../pic32mx/lib/libm.a(lib_a-k_rem_pio2.o)
                              /home/gombe/workspace/machikania/origdev/pic32/compiler/pic32-tools/bin/../lib/gcc/pic32mx/4.5.2/../../../../pic32mx/lib/libm.a(lib_a-e_rem_pio2.o) (__kernel_rem_pio2)
/home/gombe/workspace/machikania/origdev/pic32/compiler/pic32-tools/bin/../lib/gcc/pic32mx/4.5.2/../../../../pic32mx/lib/libm.a(lib_a-k_sin.o)
                              /home/gombe/workspace/machikania/origdev/pic32/compiler/pic32-tools/bin/../lib/gcc/pic32mx/4.5.2/../../../../pic32mx/lib/libm.a(lib_a-s_cos.o) (__kernel_sin)
/home/gombe/workspace/machikania/origdev/pic32/compiler/pic32-tools/bin/../lib/gcc/pic32mx/4.5.2/../../../../pic32mx/lib/libm.a(lib_a-k_tan.o)
                              /home/gombe/workspace/machikania/origdev/pic32/compiler/pic32-tools/bin/../lib/gcc/pic32mx/4.5.2/../../../../pic32mx/lib/libm.a(lib_a-s_tan.o) (__kernel_tan)
/home/gombe/workspace/machikania/origdev/pic32/compiler/pic32-tools/bin/../lib/gcc/pic32mx/4.5.2/../../../../pic32mx/lib/libm.a(lib_a-s_fabs.o)
                              /home/gombe/workspace/machikania/origdev/pic32/compiler/pic32-tools/bin/../lib/gcc/pic32mx/4.5.2/../../../../pic32mx/lib/libm.a(lib_a-e_rem_pio2.o) (fabs)
/home/gombe/workspace/machikania/origdev/pic32/compiler/pic32-tools/bin/../lib/gcc/pic32mx/4.5.2/../../../../pic32mx/lib/libm.a(lib_a-sf_fabs.o)
                              /home/gombe/workspace/machikania/origdev/pic32/compiler/pic32-tools/bin/../lib/gcc/pic32mx/4.5.2/../../../../pic32mx/lib/libm.a(lib_a-ef_rem_pio2.o) (fabsf)
/home/gombe/workspace/machikania/origdev/pic32/compiler/pic32-tools/bin/../lib/gcc/pic32mx/4.5.2/../../../../pic32mx/lib/libm.a(lib_a-sf_floor.o)
[...]
Memory Configuration

Name             Origin             Length             Attributes
kseg0_program_mem 0x9d007490         0x00038b70         xr
exception_mem    0x9d006000         0x00001000
debug_exec_mem   0x9fc00490         0x00000760
kseg0_boot_mem   0x9d006000         0x00000000
kseg1_boot_mem   0x9d007000         0x00000490
config3          0xbfc00bf0         0x00000004
config2          0xbfc00bf4         0x00000004
config1          0xbfc00bf8         0x00000004
config0          0xbfc00bfc         0x00000004
kseg1_data_mem   0xa0000000         0x00010000         w !x
sfrs             0xbf800000         0x00100000
configsfrs       0xbfc00bf0         0x00000010
*default*        0x00000000         0xffffffff

Linker script and memory map

                0x00000200                _min_heap_size = 0x200
LOAD obj/xprintf.o
LOAD obj/ff.o
LOAD obj/mmc_xmega.o
LOAD obj/triangle.o
LOAD obj/matrix4.o
LOAD obj/vector2.o
LOAD obj/newmain.o
LOAD obj/graphiclib.o
LOAD obj/vector3.o
LOAD obj/main.o
LOAD obj/graphicdraw.o
LOAD obj/composite32-high4.o
LOAD obj/crtn.o
LOAD obj/crti.o
LOAD obj/crt0.o
LOAD ../../pic32/compiler/pic32-tools/bin/../lib/gcc/pic32mx/4.5.2/crtend.o
LOAD ../../pic32/compiler/pic32-tools/bin/../lib/gcc/pic32mx/4.5.2/crtbegin.o
LOAD /home/gombe/workspace/machikania/origdev/pic32/compiler/pic32-tools/bin/../lib/gcc/pic32mx/4.5.2/../../../../pic32mx/lib/libsupc++.a
LOAD /home/gombe/workspace/machikania/origdev/pic32/compiler/pic32-tools/bin/../lib/gcc/pic32mx/4.5.2/../../../../pic32mx/lib/libm.a
LOAD /home/gombe/workspace/machikania/origdev/pic32/compiler/pic32-tools/bin/../lib/gcc/pic32mx/4.5.2/../../../../pic32mx/lib/./proc/32MX250F128B/default_isr_vectors.o
                0x00000400                PROVIDE (_min_stack_size, 0x400)
LOAD /home/gombe/workspace/machikania/origdev/pic32/compiler/pic32-tools/bin/../lib/gcc/pic32mx/4.5.2/../../../../pic32mx/lib/./proc/32MX250F128B/processor.o
                0x00000001                PROVIDE (_vector_spacing, 0x1)
                0x9d006000                _ebase_address = 0x9d006000
                0x9d007000                _RESET_ADDR = 0x9d007000
                0x9d007380                _BEV_EXCPT_ADDR = 0x9d007380
                0x9d007480                _DBG_EXCPT_ADDR = 0x9d007480
                0x9fc00490                _DBG_CODE_ADDR = 0x9fc00490
                0x00000760                _DBG_CODE_SIZE = 0x760
                0x9d006180                _GEN_EXCPT_ADDR = (_ebase_address + 0x180)

.config_BFC00BF0
 *(.config_BFC00BF0)

.config_BFC00BF4
 *(.config_BFC00BF4)

.config_BFC00BF8
 *(.config_BFC00BF8)

.config_BFC00BFC
 *(.config_BFC00BFC)

.reset          0x9d007000        0x8
 *(.reset)
 .reset         0x9d007000        0x8 obj/crt0.o
                0x9d007000                _reset
 *(.reset.startup)
 .reset.startup
                0x9d007008        0x0 obj/crt0.o

.bev_excpt      0x9d007380       0x10
 *(.bev_handler)
 .bev_handler   0x9d007380       0x10 obj/crt0.o

.dbg_excpt      0x9d007480        0x0
                0x9d007480                . = (. + DEFINED (_DEBUGGER)?0x8:0x0)

.dbg_code       0x9fc00490        0x0
                0x9fc00490                . = (. + DEFINED (_DEBUGGER)?_DBG_CODE_SIZE:0x0)

.app_excpt      0x9d006180       0x10
 *(.gen_handler)
 .gen_handler   0x9d006180       0x10 obj/crt0.o

.vector_0       0x9d006200        0x8
 *(.vector_0)
 .vector_0      0x9d006200        0x8 /home/gombe/workspace/machikania/origdev/pic32/compiler/pic32-tools/bin/../lib/gcc/pic32mx/4.5.2/../../../../pic32mx/lib/libpic32.a(vector0.o)
                0x9d006200                __vector_dispatch_0
                0x00000001                ASSERT (((_vector_spacing == 0x0) || (SIZEOF (.vector_0) <= (_vector_spacing << 0x5))), function at exception vector 0 too large)

.vector_1       0x9d006220        0x8
 *(.vector_1)
 .vector_1      0x9d006220        0x8 /home/gombe/workspace/machikania/origdev/pic32/compiler/pic32-tools/bin/../lib/gcc/pic32mx/4.5.2/../../../../pic32mx/lib/libpic32.a(vector1.o)
                0x9d006220                __vector_dispatch_1
                0x00000001                ASSERT (((_vector_spacing == 0x0) || (SIZEOF (.vector_1) <= (_vector_spacing << 0x5))), function at exception vector 1 too large)

.vector_2       0x9d006240        0x8
 *(.vector_2)
 .vector_2      0x9d006240        0x8 /home/gombe/workspace/machikania/origdev/pic32/compiler/pic32-tools/bin/../lib/gcc/pic32mx/4.5.2/../../../../pic32mx/lib/libpic32.a(vector2.o)
                0x9d006240                __vector_dispatch_2
                0x00000001                ASSERT (((_vector_spacing == 0x0) || (SIZEOF (.vector_2) <= (_vector_spacing << 0x5))), function at exception vector 2 too large)

.vector_3       0x9d006260        0x8
 *(.vector_3)
 .vector_3      0x9d006260        0x8 /home/gombe/workspace/machikania/origdev/pic32/compiler/pic32-tools/bin/../lib/gcc/pic32mx/4.5.2/../../../../pic32mx/lib/libpic32.a(vector3.o)
                0x9d006260                __vector_dispatch_3
                0x00000001                ASSERT (((_vector_spacing == 0x0) || (SIZEOF (.vector_3) <= (_vector_spacing << 0x5))), function at exception vector 3 too large)

.vector_4       0x9d006280        0x8
 *(.vector_4)
 .vector_4      0x9d006280        0x8 /home/gombe/workspace/machikania/origdev/pic32/compiler/pic32-tools/bin/../lib/gcc/pic32mx/4.5.2/../../../../pic32mx/lib/libpic32.a(vector4.o)
                0x9d006280                __vector_dispatch_4
                0x00000001                ASSERT (((_vector_spacing == 0x0) || (SIZEOF (.vector_4) <= (_vector_spacing << 0x5))), function at exception vector 4 too large)

.vector_5       0x9d0062a0        0x8
 *(.vector_5)
 .vector_5      0x9d0062a0        0x8 /home/gombe/workspace/machikania/origdev/pic32/compiler/pic32-tools/bin/../lib/gcc/pic32mx/4.5.2/../../../../pic32mx/lib/libpic32.a(vector5.o)
                0x9d0062a0                __vector_dispatch_5
                0x00000001                ASSERT (((_vector_spacing == 0x0) || (SIZEOF (.vector_5) <= (_vector_spacing << 0x5))), function at exception vector 5 too large)

.vector_6       0x9d0062c0        0x8
 *(.vector_6)
 .vector_6      0x9d0062c0        0x8 obj/composite32-high4.o
                0x9d0062c0                __vector_dispatch_6
                0x00000001                ASSERT (((_vector_spacing == 0x0) || (SIZEOF (.vector_6) <= (_vector_spacing << 0x5))), function at exception vector 6 too large)

.vector_7       0x9d0062e0        0x8
 *(.vector_7)
 .vector_7      0x9d0062e0        0x8 /home/gombe/workspace/machikania/origdev/pic32/compiler/pic32-tools/bin/../lib/gcc/pic32mx/4.5.2/../../../../pic32mx/lib/libpic32.a(vector7.o)
                0x9d0062e0                __vector_dispatch_7
                0x00000001                ASSERT (((_vector_spacing == 0x0) || (SIZEOF (.vector_7) <= (_vector_spacing << 0x5))), function at exception vector 7 too large)

.vector_8       0x9d006300        0x8
 *(.vector_8)
 .vector_8      0x9d006300        0x8 obj/composite32-high4.o
                0x9d006300                __vector_dispatch_8
                0x00000001                ASSERT (((_vector_spacing == 0x0) || (SIZEOF (.vector_8) <= (_vector_spacing << 0x5))), function at exception vector 8 too large)

.vector_9       0x9d006320        0x8
 *(.vector_9)
 .vector_9      0x9d006320        0x8 /home/gombe/workspace/machikania/origdev/pic32/compiler/pic32-tools/bin/../lib/gcc/pic32mx/4.5.2/../../../../pic32mx/lib/libpic32.a(vector9.o)
                0x9d006320                __vector_dispatch_9
                0x00000001                ASSERT (((_vector_spacing == 0x0) || (SIZEOF (.vector_9) <= (_vector_spacing << 0x5))), function at exception vector 9 too large)

.vector_10      0x9d006340        0x8
 *(.vector_10)
 .vector_10     0x9d006340        0x8 obj/composite32-high4.o
                0x9d006340                __vector_dispatch_10
                0x00000001                ASSERT (((_vector_spacing == 0x0) || (SIZEOF (.vector_10) <= (_vector_spacing << 0x5))), function at exception vector 10 too large)

.vector_11      0x9d006360        0x8
 *(.vector_11)
 .vector_11     0x9d006360        0x8 /home/gombe/workspace/machikania/origdev/pic32/compiler/pic32-tools/bin/../lib/gcc/pic32mx/4.5.2/../../../../pic32mx/lib/libpic32.a(vector11.o)
                0x9d006360                __vector_dispatch_11
                0x00000001                ASSERT (((_vector_spacing == 0x0) || (SIZEOF (.vector_11) <= (_vector_spacing << 0x5))), function at exception vector 11 too large)

.vector_12      0x9d006380        0x8
 *(.vector_12)
 .vector_12     0x9d006380        0x8 /home/gombe/workspace/machikania/origdev/pic32/compiler/pic32-tools/bin/../lib/gcc/pic32mx/4.5.2/../../../../pic32mx/lib/libpic32.a(vector12.o)
                0x9d006380                __vector_dispatch_12
                0x00000001                ASSERT (((_vector_spacing == 0x0) || (SIZEOF (.vector_12) <= (_vector_spacing << 0x5))), function at exception vector 12 too large)

.vector_13      0x9d0063a0        0x8
 *(.vector_13)
 .vector_13     0x9d0063a0        0x8 /home/gombe/workspace/machikania/origdev/pic32/compiler/pic32-tools/bin/../lib/gcc/pic32mx/4.5.2/../../../../pic32mx/lib/libpic32.a(vector13.o)
                0x9d0063a0                __vector_dispatch_13
                0x00000001                ASSERT (((_vector_spacing == 0x0) || (SIZEOF (.vector_13) <= (_vector_spacing << 0x5))), function at exception vector 13 too large)

.vector_14      0x9d0063c0        0x8
 *(.vector_14)
 .vector_14     0x9d0063c0        0x8 obj/composite32-high4.o
                0x9d0063c0                __vector_dispatch_14
                0x00000001                ASSERT (((_vector_spacing == 0x0) || (SIZEOF (.vector_14) <= (_vector_spacing << 0x5))), function at exception vector 14 too large)

.vector_15      0x9d0063e0        0x8
 *(.vector_15)
 .vector_15     0x9d0063e0        0x8 /home/gombe/workspace/machikania/origdev/pic32/compiler/pic32-tools/bin/../lib/gcc/pic32mx/4.5.2/../../../../pic32mx/lib/libpic32.a(vector15.o)
                0x9d0063e0                __vector_dispatch_15
                0x00000001                ASSERT (((_vector_spacing == 0x0) || (SIZEOF (.vector_15) <= (_vector_spacing << 0x5))), function at exception vector 15 too large)

.vector_16      0x9d006400        0x8
 *(.vector_16)
 .vector_16     0x9d006400        0x8 /home/gombe/workspace/machikania/origdev/pic32/compiler/pic32-tools/bin/../lib/gcc/pic32mx/4.5.2/../../../../pic32mx/lib/libpic32.a(vector16.o)
                0x9d006400                __vector_dispatch_16
                0x00000001                ASSERT (((_vector_spacing == 0x0) || (SIZEOF (.vector_16) <= (_vector_spacing << 0x5))), function at exception vector 16 too large)

.vector_17      0x9d006420        0x8
 *(.vector_17)
 .vector_17     0x9d006420        0x8 /home/gombe/workspace/machikania/origdev/pic32/compiler/pic32-tools/bin/../lib/gcc/pic32mx/4.5.2/../../../../pic32mx/lib/libpic32.a(vector17.o)
                0x9d006420                __vector_dispatch_17
                0x00000001                ASSERT (((_vector_spacing == 0x0) || (SIZEOF (.vector_17) <= (_vector_spacing << 0x5))), function at exception vector 17 too large)

.vector_18      0x9d006440        0x8
 *(.vector_18)
 .vector_18     0x9d006440        0x8 /home/gombe/workspace/machikania/origdev/pic32/compiler/pic32-tools/bin/../lib/gcc/pic32mx/4.5.2/../../../../pic32mx/lib/libpic32.a(vector18.o)
                0x9d006440                __vector_dispatch_18
                0x00000001                ASSERT (((_vector_spacing == 0x0) || (SIZEOF (.vector_18) <= (_vector_spacing << 0x5))), function at exception vector 18 too large)

.vector_19      0x9d006460        0x8
 *(.vector_19)
 .vector_19     0x9d006460        0x8 /home/gombe/workspace/machikania/origdev/pic32/compiler/pic32-tools/bin/../lib/gcc/pic32mx/4.5.2/../../../../pic32mx/lib/libpic32.a(vector19.o)
                0x9d006460                __vector_dispatch_19
                0x00000001                ASSERT (((_vector_spacing == 0x0) || (SIZEOF (.vector_19) <= (_vector_spacing << 0x5))), function at exception vector 19 too large)

.vector_20      0x9d006480        0x8
 *(.vector_20)
 .vector_20     0x9d006480        0x8 /home/gombe/workspace/machikania/origdev/pic32/compiler/pic32-tools/bin/../lib/gcc/pic32mx/4.5.2/../../../../pic32mx/lib/libpic32.a(vector20.o)
                0x9d006480                __vector_dispatch_20
                0x00000001                ASSERT (((_vector_spacing == 0x0) || (SIZEOF (.vector_20) <= (_vector_spacing << 0x5))), function at exception vector 20 too large)

.vector_21      0x9d0064a0        0x8
 *(.vector_21)
 .vector_21     0x9d0064a0        0x8 /home/gombe/workspace/machikania/origdev/pic32/compiler/pic32-tools/bin/../lib/gcc/pic32mx/4.5.2/../../../../pic32mx/lib/libpic32.a(vector21.o)
                0x9d0064a0                __vector_dispatch_21
                0x00000001                ASSERT (((_vector_spacing == 0x0) || (SIZEOF (.vector_21) <= (_vector_spacing << 0x5))), function at exception vector 21 too large)

.vector_22      0x9d0064c0        0x8
 *(.vector_22)
 .vector_22     0x9d0064c0        0x8 /home/gombe/workspace/machikania/origdev/pic32/compiler/pic32-tools/bin/../lib/gcc/pic32mx/4.5.2/../../../../pic32mx/lib/libpic32.a(vector22.o)
                0x9d0064c0                __vector_dispatch_22
                0x00000001                ASSERT (((_vector_spacing == 0x0) || (SIZEOF (.vector_22) <= (_vector_spacing << 0x5))), function at exception vector 22 too large)

.vector_23      0x9d0064e0        0x8
 *(.vector_23)
 .vector_23     0x9d0064e0        0x8 /home/gombe/workspace/machikania/origdev/pic32/compiler/pic32-tools/bin/../lib/gcc/pic32mx/4.5.2/../../../../pic32mx/lib/libpic32.a(vector23.o)
                0x9d0064e0                __vector_dispatch_23
                0x00000001                ASSERT (((_vector_spacing == 0x0) || (SIZEOF (.vector_23) <= (_vector_spacing << 0x5))), function at exception vector 23 too large)

.vector_24      0x9d006500        0x8
 *(.vector_24)
 .vector_24     0x9d006500        0x8 /home/gombe/workspace/machikania/origdev/pic32/compiler/pic32-tools/bin/../lib/gcc/pic32mx/4.5.2/../../../../pic32mx/lib/libpic32.a(vector24.o)
                0x9d006500                __vector_dispatch_24
                0x00000001                ASSERT (((_vector_spacing == 0x0) || (SIZEOF (.vector_24) <= (_vector_spacing << 0x5))), function at exception vector 24 too large)

.vector_25      0x9d006520        0x8
 *(.vector_25)
 .vector_25     0x9d006520        0x8 /home/gombe/workspace/machikania/origdev/pic32/compiler/pic32-tools/bin/../lib/gcc/pic32mx/4.5.2/../../../../pic32mx/lib/libpic32.a(vector25.o)
                0x9d006520                __vector_dispatch_25
                0x00000001                ASSERT (((_vector_spacing == 0x0) || (SIZEOF (.vector_25) <= (_vector_spacing << 0x5))), function at exception vector 25 too large)

.vector_26      0x9d006540        0x8
 *(.vector_26)
 .vector_26     0x9d006540        0x8 /home/gombe/workspace/machikania/origdev/pic32/compiler/pic32-tools/bin/../lib/gcc/pic32mx/4.5.2/../../../../pic32mx/lib/libpic32.a(vector26.o)
                0x9d006540                __vector_dispatch_26
                0x00000001                ASSERT (((_vector_spacing == 0x0) || (SIZEOF (.vector_26) <= (_vector_spacing << 0x5))), function at exception vector 26 too large)

.vector_27      0x9d006560        0x8
 *(.vector_27)
 .vector_27     0x9d006560        0x8 /home/gombe/workspace/machikania/origdev/pic32/compiler/pic32-tools/bin/../lib/gcc/pic32mx/4.5.2/../../../../pic32mx/lib/libpic32.a(vector27.o)
                0x9d006560                __vector_dispatch_27
                0x00000001                ASSERT (((_vector_spacing == 0x0) || (SIZEOF (.vector_27) <= (_vector_spacing << 0x5))), function at exception vector 27 too large)

.vector_28      0x9d006580        0x8
 *(.vector_28)
 .vector_28     0x9d006580        0x8 /home/gombe/workspace/machikania/origdev/pic32/compiler/pic32-tools/bin/../lib/gcc/pic32mx/4.5.2/../../../../pic32mx/lib/libpic32.a(vector28.o)
                0x9d006580                __vector_dispatch_28
                0x00000001                ASSERT (((_vector_spacing == 0x0) || (SIZEOF (.vector_28) <= (_vector_spacing << 0x5))), function at exception vector 28 too large)

.vector_29      0x9d0065a0        0x8
 *(.vector_29)
 .vector_29     0x9d0065a0        0x8 /home/gombe/workspace/machikania/origdev/pic32/compiler/pic32-tools/bin/../lib/gcc/pic32mx/4.5.2/../../../../pic32mx/lib/libpic32.a(vector29.o)
                0x9d0065a0                __vector_dispatch_29
                0x00000001                ASSERT (((_vector_spacing == 0x0) || (SIZEOF (.vector_29) <= (_vector_spacing << 0x5))), function at exception vector 29 too large)

.vector_30      0x9d0065c0        0x8
 *(.vector_30)
 .vector_30     0x9d0065c0        0x8 /home/gombe/workspace/machikania/origdev/pic32/compiler/pic32-tools/bin/../lib/gcc/pic32mx/4.5.2/../../../../pic32mx/lib/libpic32.a(vector30.o)
                0x9d0065c0                __vector_dispatch_30
                0x00000001                ASSERT (((_vector_spacing == 0x0) || (SIZEOF (.vector_30) <= (_vector_spacing << 0x5))), function at exception vector 30 too large)

.vector_31      0x9d0065e0        0x8
 *(.vector_31)
 .vector_31     0x9d0065e0        0x8 /home/gombe/workspace/machikania/origdev/pic32/compiler/pic32-tools/bin/../lib/gcc/pic32mx/4.5.2/../../../../pic32mx/lib/libpic32.a(vector31.o)
                0x9d0065e0                __vector_dispatch_31
                0x00000001                ASSERT (((_vector_spacing == 0x0) || (SIZEOF (.vector_31) <= (_vector_spacing << 0x5))), function at exception vector 31 too large)

.vector_32      0x9d006600        0x8
 *(.vector_32)
 .vector_32     0x9d006600        0x8 /home/gombe/workspace/machikania/origdev/pic32/compiler/pic32-tools/bin/../lib/gcc/pic32mx/4.5.2/../../../../pic32mx/lib/libpic32.a(vector32.o)
                0x9d006600                __vector_dispatch_32
                0x00000001                ASSERT (((_vector_spacing == 0x0) || (SIZEOF (.vector_32) <= (_vector_spacing << 0x5))), function at exception vector 32 too large)

.vector_33      0x9d006620        0x8
 *(.vector_33)
 .vector_33     0x9d006620        0x8 /home/gombe/workspace/machikania/origdev/pic32/compiler/pic32-tools/bin/../lib/gcc/pic32mx/4.5.2/../../../../pic32mx/lib/libpic32.a(vector33.o)
                0x9d006620                __vector_dispatch_33
                0x00000001                ASSERT (((_vector_spacing == 0x0) || (SIZEOF (.vector_33) <= (_vector_spacing << 0x5))), function at exception vector 33 too large)

.vector_34      0x9d006640        0x8
 *(.vector_34)
 .vector_34     0x9d006640        0x8 /home/gombe/workspace/machikania/origdev/pic32/compiler/pic32-tools/bin/../lib/gcc/pic32mx/4.5.2/../../../../pic32mx/lib/libpic32.a(vector34.o)
                0x9d006640                __vector_dispatch_34
                0x00000001                ASSERT (((_vector_spacing == 0x0) || (SIZEOF (.vector_34) <= (_vector_spacing << 0x5))), function at exception vector 34 too large)

.vector_35      0x9d006660        0x8
 *(.vector_35)
 .vector_35     0x9d006660        0x8 /home/gombe/workspace/machikania/origdev/pic32/compiler/pic32-tools/bin/../lib/gcc/pic32mx/4.5.2/../../../../pic32mx/lib/libpic32.a(vector35.o)
                0x9d006660                __vector_dispatch_35
                0x00000001                ASSERT (((_vector_spacing == 0x0) || (SIZEOF (.vector_35) <= (_vector_spacing << 0x5))), function at exception vector 35 too large)

.vector_36      0x9d006680        0x8
 *(.vector_36)
 .vector_36     0x9d006680        0x8 /home/gombe/workspace/machikania/origdev/pic32/compiler/pic32-tools/bin/../lib/gcc/pic32mx/4.5.2/../../../../pic32mx/lib/libpic32.a(vector36.o)
                0x9d006680                __vector_dispatch_36
                0x00000001                ASSERT (((_vector_spacing == 0x0) || (SIZEOF (.vector_36) <= (_vector_spacing << 0x5))), function at exception vector 36 too large)

.vector_37      0x9d0066a0        0x8
 *(.vector_37)
 .vector_37     0x9d0066a0        0x8 /home/gombe/workspace/machikania/origdev/pic32/compiler/pic32-tools/bin/../lib/gcc/pic32mx/4.5.2/../../../../pic32mx/lib/libpic32.a(vector37.o)
                0x9d0066a0                __vector_dispatch_37
                0x00000001                ASSERT (((_vector_spacing == 0x0) || (SIZEOF (.vector_37) <= (_vector_spacing << 0x5))), function at exception vector 37 too large)

.vector_38      0x9d0066c0        0x8
 *(.vector_38)
 .vector_38     0x9d0066c0        0x8 /home/gombe/workspace/machikania/origdev/pic32/compiler/pic32-tools/bin/../lib/gcc/pic32mx/4.5.2/../../../../pic32mx/lib/libpic32.a(vector38.o)
                0x9d0066c0                __vector_dispatch_38
                0x00000001                ASSERT (((_vector_spacing == 0x0) || (SIZEOF (.vector_38) <= (_vector_spacing << 0x5))), function at exception vector 38 too large)

.vector_39      0x9d0066e0        0x8
 *(.vector_39)
 .vector_39     0x9d0066e0        0x8 /home/gombe/workspace/machikania/origdev/pic32/compiler/pic32-tools/bin/../lib/gcc/pic32mx/4.5.2/../../../../pic32mx/lib/libpic32.a(vector39.o)
                0x9d0066e0                __vector_dispatch_39
                0x00000001                ASSERT (((_vector_spacing == 0x0) || (SIZEOF (.vector_39) <= (_vector_spacing << 0x5))), function at exception vector 39 too large)

.vector_40      0x9d006700        0x8
 *(.vector_40)
 .vector_40     0x9d006700        0x8 /home/gombe/workspace/machikania/origdev/pic32/compiler/pic32-tools/bin/../lib/gcc/pic32mx/4.5.2/../../../../pic32mx/lib/libpic32.a(vector40.o)
                0x9d006700                __vector_dispatch_40
                0x00000001                ASSERT (((_vector_spacing == 0x0) || (SIZEOF (.vector_40) <= (_vector_spacing << 0x5))), function at exception vector 40 too large)

.vector_41      0x9d006720        0x8
 *(.vector_41)
 .vector_41     0x9d006720        0x8 /home/gombe/workspace/machikania/origdev/pic32/compiler/pic32-tools/bin/../lib/gcc/pic32mx/4.5.2/../../../../pic32mx/lib/libpic32.a(vector41.o)
                0x9d006720                __vector_dispatch_41
                0x00000001                ASSERT (((_vector_spacing == 0x0) || (SIZEOF (.vector_41) <= (_vector_spacing << 0x5))), function at exception vector 41 too large)

.vector_42      0x9d006740        0x8
 *(.vector_42)
 .vector_42     0x9d006740        0x8 /home/gombe/workspace/machikania/origdev/pic32/compiler/pic32-tools/bin/../lib/gcc/pic32mx/4.5.2/../../../../pic32mx/lib/libpic32.a(vector42.o)
                0x9d006740                __vector_dispatch_42
                0x00000001                ASSERT (((_vector_spacing == 0x0) || (SIZEOF (.vector_42) <= (_vector_spacing << 0x5))), function at exception vector 42 too large)

.vector_43      0x9d006760        0x8
 *(.vector_43)
 .vector_43     0x9d006760        0x8 /home/gombe/workspace/machikania/origdev/pic32/compiler/pic32-tools/bin/../lib/gcc/pic32mx/4.5.2/../../../../pic32mx/lib/libpic32.a(vector43.o)
                0x9d006760                __vector_dispatch_43
                0x00000001                ASSERT (((_vector_spacing == 0x0) || (SIZEOF (.vector_43) <= (_vector_spacing << 0x5))), function at exception vector 43 too large)

.vector_44      0x9d006780        0x8
 *(.vector_44)
 .vector_44     0x9d006780        0x8 /home/gombe/workspace/machikania/origdev/pic32/compiler/pic32-tools/bin/../lib/gcc/pic32mx/4.5.2/../../../../pic32mx/lib/libpic32.a(vector44.o)
                0x9d006780                __vector_dispatch_44
                0x00000001                ASSERT (((_vector_spacing == 0x0) || (SIZEOF (.vector_44) <= (_vector_spacing << 0x5))), function at exception vector 44 too large)

.vector_45      0x9d0067a0        0x8
 *(.vector_45)
 .vector_45     0x9d0067a0        0x8 /home/gombe/workspace/machikania/origdev/pic32/compiler/pic32-tools/bin/../lib/gcc/pic32mx/4.5.2/../../../../pic32mx/lib/libpic32.a(vector45.o)
                0x9d0067a0                __vector_dispatch_45
                0x00000001                ASSERT (((_vector_spacing == 0x0) || (SIZEOF (.vector_45) <= (_vector_spacing << 0x5))), function at exception vector 45 too large)

.vector_46      0x9d0067c0        0x8
 *(.vector_46)
 .vector_46     0x9d0067c0        0x8 /home/gombe/workspace/machikania/origdev/pic32/compiler/pic32-tools/bin/../lib/gcc/pic32mx/4.5.2/../../../../pic32mx/lib/libpic32.a(vector46.o)
                0x9d0067c0                __vector_dispatch_46
                0x00000001                ASSERT (((_vector_spacing == 0x0) || (SIZEOF (.vector_46) <= (_vector_spacing << 0x5))), function at exception vector 46 too large)

.vector_47      0x9d0067e0        0x8
 *(.vector_47)
 .vector_47     0x9d0067e0        0x8 /home/gombe/workspace/machikania/origdev/pic32/compiler/pic32-tools/bin/../lib/gcc/pic32mx/4.5.2/../../../../pic32mx/lib/libpic32.a(vector47.o)
                0x9d0067e0                __vector_dispatch_47
                0x00000001                ASSERT (((_vector_spacing == 0x0) || (SIZEOF (.vector_47) <= (_vector_spacing << 0x5))), function at exception vector 47 too large)

.vector_48      0x9d006800        0x8
 *(.vector_48)
 .vector_48     0x9d006800        0x8 /home/gombe/workspace/machikania/origdev/pic32/compiler/pic32-tools/bin/../lib/gcc/pic32mx/4.5.2/../../../../pic32mx/lib/libpic32.a(vector48.o)
                0x9d006800                __vector_dispatch_48
                0x00000001                ASSERT (((_vector_spacing == 0x0) || (SIZEOF (.vector_48) <= (_vector_spacing << 0x5))), function at exception vector 48 too large)

.vector_49      0x9d006820        0x8
 *(.vector_49)
 .vector_49     0x9d006820        0x8 /home/gombe/workspace/machikania/origdev/pic32/compiler/pic32-tools/bin/../lib/gcc/pic32mx/4.5.2/../../../../pic32mx/lib/libpic32.a(vector49.o)
                0x9d006820                __vector_dispatch_49
                0x00000001                ASSERT (((_vector_spacing == 0x0) || (SIZEOF (.vector_49) <= (_vector_spacing << 0x5))), function at exception vector 49 too large)

.vector_50      0x9d006840        0x8
 *(.vector_50)
 .vector_50     0x9d006840        0x8 /home/gombe/workspace/machikania/origdev/pic32/compiler/pic32-tools/bin/../lib/gcc/pic32mx/4.5.2/../../../../pic32mx/lib/libpic32.a(vector50.o)
                0x9d006840                __vector_dispatch_50
                0x00000001                ASSERT (((_vector_spacing == 0x0) || (SIZEOF (.vector_50) <= (_vector_spacing << 0x5))), function at exception vector 50 too large)

.vector_51      0x9d006860        0x8
 *(.vector_51)
 .vector_51     0x9d006860        0x8 /home/gombe/workspace/machikania/origdev/pic32/compiler/pic32-tools/bin/../lib/gcc/pic32mx/4.5.2/../../../../pic32mx/lib/libpic32.a(vector51.o)
                0x9d006860                __vector_dispatch_51
                0x00000001                ASSERT (((_vector_spacing == 0x0) || (SIZEOF (.vector_51) <= (_vector_spacing << 0x5))), function at exception vector 51 too large)

.vector_52      0x9d006880        0x8
 *(.vector_52)
 .vector_52     0x9d006880        0x8 /home/gombe/workspace/machikania/origdev/pic32/compiler/pic32-tools/bin/../lib/gcc/pic32mx/4.5.2/../../../../pic32mx/lib/libpic32.a(vector52.o)
                0x9d006880                __vector_dispatch_52
                0x00000001                ASSERT (((_vector_spacing == 0x0) || (SIZEOF (.vector_52) <= (_vector_spacing << 0x5))), function at exception vector 52 too large)

.vector_53      0x9d0068a0        0x8
 *(.vector_53)
 .vector_53     0x9d0068a0        0x8 /home/gombe/workspace/machikania/origdev/pic32/compiler/pic32-tools/bin/../lib/gcc/pic32mx/4.5.2/../../../../pic32mx/lib/libpic32.a(vector53.o)
                0x9d0068a0                __vector_dispatch_53
                0x00000001                ASSERT (((_vector_spacing == 0x0) || (SIZEOF (.vector_53) <= (_vector_spacing << 0x5))), function at exception vector 53 too large)

.vector_54      0x9d0068c0        0x8
 *(.vector_54)
 .vector_54     0x9d0068c0        0x8 /home/gombe/workspace/machikania/origdev/pic32/compiler/pic32-tools/bin/../lib/gcc/pic32mx/4.5.2/../../../../pic32mx/lib/libpic32.a(vector54.o)
                0x9d0068c0                __vector_dispatch_54
                0x00000001                ASSERT (((_vector_spacing == 0x0) || (SIZEOF (.vector_54) <= (_vector_spacing << 0x5))), function at exception vector 54 too large)

.vector_55      0x9d0068e0        0x8
 *(.vector_55)
 .vector_55     0x9d0068e0        0x8 /home/gombe/workspace/machikania/origdev/pic32/compiler/pic32-tools/bin/../lib/gcc/pic32mx/4.5.2/../../../../pic32mx/lib/libpic32.a(vector55.o)
                0x9d0068e0                __vector_dispatch_55
                0x00000001                ASSERT (((_vector_spacing == 0x0) || (SIZEOF (.vector_55) <= (_vector_spacing << 0x5))), function at exception vector 55 too large)

.vector_56      0x9d006900        0x8
 *(.vector_56)
 .vector_56     0x9d006900        0x8 /home/gombe/workspace/machikania/origdev/pic32/compiler/pic32-tools/bin/../lib/gcc/pic32mx/4.5.2/../../../../pic32mx/lib/libpic32.a(vector56.o)
                0x9d006900                __vector_dispatch_56
                0x00000001                ASSERT (((_vector_spacing == 0x0) || (SIZEOF (.vector_56) <= (_vector_spacing << 0x5))), function at exception vector 56 too large)

.vector_57      0x9d006920        0x8
 *(.vector_57)
 .vector_57     0x9d006920        0x8 /home/gombe/workspace/machikania/origdev/pic32/compiler/pic32-tools/bin/../lib/gcc/pic32mx/4.5.2/../../../../pic32mx/lib/libpic32.a(vector57.o)
                0x9d006920                __vector_dispatch_57
                0x00000001                ASSERT (((_vector_spacing == 0x0) || (SIZEOF (.vector_57) <= (_vector_spacing << 0x5))), function at exception vector 57 too large)

.vector_58      0x9d006940        0x8
 *(.vector_58)
 .vector_58     0x9d006940        0x8 /home/gombe/workspace/machikania/origdev/pic32/compiler/pic32-tools/bin/../lib/gcc/pic32mx/4.5.2/../../../../pic32mx/lib/libpic32.a(vector58.o)
                0x9d006940                __vector_dispatch_58
                0x00000001                ASSERT (((_vector_spacing == 0x0) || (SIZEOF (.vector_58) <= (_vector_spacing << 0x5))), function at exception vector 58 too large)

.vector_59      0x9d006960        0x8
 *(.vector_59)
 .vector_59     0x9d006960        0x8 /home/gombe/workspace/machikania/origdev/pic32/compiler/pic32-tools/bin/../lib/gcc/pic32mx/4.5.2/../../../../pic32mx/lib/libpic32.a(vector59.o)
                0x9d006960                __vector_dispatch_59
                0x00000001                ASSERT (((_vector_spacing == 0x0) || (SIZEOF (.vector_59) <= (_vector_spacing << 0x5))), function at exception vector 59 too large)

.vector_60      0x9d006980        0x8
 *(.vector_60)
 .vector_60     0x9d006980        0x8 /home/gombe/workspace/machikania/origdev/pic32/compiler/pic32-tools/bin/../lib/gcc/pic32mx/4.5.2/../../../../pic32mx/lib/libpic32.a(vector60.o)
                0x9d006980                __vector_dispatch_60
                0x00000001                ASSERT (((_vector_spacing == 0x0) || (SIZEOF (.vector_60) <= (_vector_spacing << 0x5))), function at exception vector 60 too large)

.vector_61      0x9d0069a0        0x8
 *(.vector_61)
 .vector_61     0x9d0069a0        0x8 /home/gombe/workspace/machikania/origdev/pic32/compiler/pic32-tools/bin/../lib/gcc/pic32mx/4.5.2/../../../../pic32mx/lib/libpic32.a(vector61.o)
                0x9d0069a0                __vector_dispatch_61
                0x00000001                ASSERT (((_vector_spacing == 0x0) || (SIZEOF (.vector_61) <= (_vector_spacing << 0x5))), function at exception vector 61 too large)

.vector_62      0x9d0069c0        0x8
 *(.vector_62)
 .vector_62     0x9d0069c0        0x8 /home/gombe/workspace/machikania/origdev/pic32/compiler/pic32-tools/bin/../lib/gcc/pic32mx/4.5.2/../../../../pic32mx/lib/libpic32.a(vector62.o)
                0x9d0069c0                __vector_dispatch_62
                0x00000001                ASSERT (((_vector_spacing == 0x0) || (SIZEOF (.vector_62) <= (_vector_spacing << 0x5))), function at exception vector 62 too large)

.vector_63      0x9d0069e0        0x8
 *(.vector_63)
 .vector_63     0x9d0069e0        0x8 /home/gombe/workspace/machikania/origdev/pic32/compiler/pic32-tools/bin/../lib/gcc/pic32mx/4.5.2/../../../../pic32mx/lib/libpic32.a(vector63.o)
                0x9d0069e0                __vector_dispatch_63
                0x00000001                ASSERT (((_vector_spacing == 0x0) || (SIZEOF (.vector_63) <= (_vector_spacing << 0x5))), function at exception vector 63 too large)

.startup
 *(.startup)

.text           0x9d007490        0x0
 *(.stub .gnu.linkonce.t.*)
 *(.text.*personality*)
 *(.mips16.fn.*)
 *(.mips16.call.*)
 *(.gnu.warning)
                0x9d007490                . = ALIGN (0x4)

.init           0x9d007490       0x24
 *crti.o(.init)
 .init          0x9d007490        0x8 obj/crti.o
                0x9d007490                _init
 *crtbegin.o(.init)
 .init          0x9d007498        0x8 ../../pic32/compiler/pic32-tools/bin/../lib/gcc/pic32mx/4.5.2/crtbegin.o
 *(EXCLUDE_FILE(*crtn.o *crtend?.o *crtend.o) .init)
 *crtend.o(.init)
 .init          0x9d0074a0        0x8 ../../pic32/compiler/pic32-tools/bin/../lib/gcc/pic32mx/4.5.2/crtend.o
 *crtn.o(.init)
 .init          0x9d0074a8        0xc obj/crtn.o
                0x9d0074b4                . = ALIGN (0x4)

.fini           0x9d0074b4       0x1c
 *(.fini)
 .fini          0x9d0074b4        0xc obj/crtn.o
 .fini          0x9d0074c0        0x8 obj/crti.o
                0x9d0074c0                _fini
 .fini          0x9d0074c8        0x8 ../../pic32/compiler/pic32-tools/bin/../lib/gcc/pic32mx/4.5.2/crtbegin.o
                0x9d0074d0                . = ALIGN (0x4)

.preinit_array  0x9d0074d0        0x0
                0x9d0074d0                PROVIDE (__preinit_array_start, .)
 *(.preinit_array)
                0x9d0074d0                PROVIDE (__preinit_array_end, .)
                0x9d0074d0                . = ALIGN (0x4)

.init_array     0x9d0074d0        0x0
                0x9d0074d0                PROVIDE (__init_array_start, .)
 *(SORT(.init_array.*))
 *(.init_array)
                0x9d0074d0                PROVIDE (__init_array_end, .)
                0x9d0074d0                . = ALIGN (0x4)

.fini_array     0x9d0074d0        0x0
                0x9d0074d0                PROVIDE (__fini_array_start, .)
 *(SORT(.fini_array.*))
 *(.fini_array)
                0x9d0074d0                PROVIDE (__fini_array_end, .)
                0x9d0074d0                . = ALIGN (0x4)

.ctors          0x9d0074d0        0xc
 *crtbegin.o(.ctors)
 .ctors         0x9d0074d0        0x4 ../../pic32/compiler/pic32-tools/bin/../lib/gcc/pic32mx/4.5.2/crtbegin.o
 *crtbegin?.o(.ctors)
 *(EXCLUDE_FILE(*crtend?.o *crtend.o) .ctors)
 .ctors         0x9d0074d4        0x4 obj/newmain.o
 *(SORT(.ctors.*))
 *(.ctors)
 .ctors         0x9d0074d8        0x4 ../../pic32/compiler/pic32-tools/bin/../lib/gcc/pic32mx/4.5.2/crtend.o
                0x9d0074dc                . = ALIGN (0x4)

.dtors          0x9d0074dc        0x8
 *crtbegin.o(.dtors)
 .dtors         0x9d0074dc        0x4 ../../pic32/compiler/pic32-tools/bin/../lib/gcc/pic32mx/4.5.2/crtbegin.o
 *crtbegin?.o(.dtors)
 *(EXCLUDE_FILE(*crtend?.o *crtend.o) .dtors)
 *(SORT(.dtors.*))
 *(.dtors)
 .dtors         0x9d0074e0        0x4 ../../pic32/compiler/pic32-tools/bin/../lib/gcc/pic32mx/4.5.2/crtend.o
                0x9d0074e0                __DTOR_END__
                0x9d0074e4                . = ALIGN (0x4)

.rodata         0x9d0074e4        0x0
 *(.gnu.linkonce.r.*)
 *(.rodata1)
                0x9d0074e4                . = ALIGN (0x4)

.sdata2         0x9d0074e4        0x0
 *(.sdata2 .sdata2.* .gnu.linkonce.s2.*)
                0x9d0074e4                . = ALIGN (0x4)

.sbss2          0x9d0074e4        0x0
 *(.sbss2 .sbss2.* .gnu.linkonce.sb2.*)
                0x9d0074e4                . = ALIGN (0x4)

.eh_frame_hdr
 *(.eh_frame_hdr)
                0x9d0074e4                . = ALIGN (0x4)

.eh_frame
 *(.eh_frame)
                0x9d0074e4                . = ALIGN (0x4)

.gcc_except_table
 *(.gcc_except_table .gcc_except_table.*)
                0x9d0074e4                . = ALIGN (0x4)

.dbg_data       0xa0000000        0x0
                0xa0000000                . = (. + DEFINED (_DEBUGGER)?0x200:0x0)

.jcr            0xa0000000        0x4
 *(.jcr)
 .jcr           0xa0000000        0x4 ../../pic32/compiler/pic32-tools/bin/../lib/gcc/pic32mx/4.5.2/crtend.o
 .jcr           0xa0000004        0x0 ../../pic32/compiler/pic32-tools/bin/../lib/gcc/pic32mx/4.5.2/crtbegin.o
                0xa0000004                . = ALIGN (0x4)

.eh_frame       0xa0000004       0x54
 *(.eh_frame)
 .eh_frame      0xa0000004        0x4 ../../pic32/compiler/pic32-tools/bin/../lib/gcc/pic32mx/4.5.2/crtend.o
 .eh_frame      0xa0000008        0x0 ../../pic32/compiler/pic32-tools/bin/../lib/gcc/pic32mx/4.5.2/crtbegin.o
 .eh_frame      0xa0000008       0x28 /home/gombe/workspace/machikania/origdev/pic32/compiler/pic32-tools/bin/../lib/gcc/pic32mx/4.5.2/libgcc.a(_divdi3.o)
 .eh_frame      0xa0000030       0x14 /home/gombe/workspace/machikania/origdev/pic32/compiler/pic32-tools/bin/../lib/gcc/pic32mx/4.5.2/libgcc.a(_udivdi3.o)
 .eh_frame      0xa0000044       0x14 /home/gombe/workspace/machikania/origdev/pic32/compiler/pic32-tools/bin/../lib/gcc/pic32mx/4.5.2/libgcc.a(_umoddi3.o)
                0xa0000058                . = ALIGN (0x4)

.gcc_except_table
 *(.gcc_except_table .gcc_except_table.*)
                0xa0000058                . = ALIGN (0x4)

.persist        0xa0000058        0x0
                0xa0000058                _persist_begin = .
 *(.persist .persist.*)
 *(.pbss .pbss.*)
                0xa0000058                . = ALIGN (0x4)
                0xa0000058                _persist_end = .

.data           0xa0000058        0x0
 *(.gnu.linkonce.d.*)
 *(.data1)
                0xa0000058                . = ALIGN (0x4)
                0xa0000058                . = .
                0xa0008050                _gp = (ALIGN (0x10) + 0x7ff0)

.got            0xa0000058        0x0
 *(.got.plt)
 *(.got)
                0xa0000058                . = ALIGN (0x4)

.sdata          0xa0000058       0x20
                0xa0000058                _sdata_begin = .
 *(.sdata .sdata.* .gnu.linkonce.s.*)
 .sdata         0xa0000058        0x4 obj/mmc_xmega.o
 .sdata         0xa000005c        0x4 ../../pic32/compiler/pic32-tools/bin/../lib/gcc/pic32mx/4.5.2/crtbegin.o
                0xa000005c                __dso_handle
 .sdata._impure_ptr._impure_ptr
                0xa0000060        0x4 /home/gombe/workspace/machikania/origdev/pic32/compiler/pic32-tools/bin/../lib/gcc/pic32mx/4.5.2/../../../../pic32mx/lib/libc.a(lib_a-impure.o)
                0xa0000060                _impure_ptr
 .sdata.__mb_cur_max.__mb_cur_max
                0xa0000064        0x4 /home/gombe/workspace/machikania/origdev/pic32/compiler/pic32-tools/bin/../lib/gcc/pic32mx/4.5.2/../../../../pic32mx/lib/libc.a(lib_a-locale.o)
                0xa0000064                __mb_cur_max
 .sdata.__malloc_trim_threshold.__malloc_trim_threshold
                0xa0000068        0x4 /home/gombe/workspace/machikania/origdev/pic32/compiler/pic32-tools/bin/../lib/gcc/pic32mx/4.5.2/../../../../pic32mx/lib/libc.a(lib_a-mallocr.o)
                0xa0000068                __malloc_trim_threshold
 .sdata.__malloc_sbrk_base.__malloc_sbrk_base
                0xa000006c        0x4 /home/gombe/workspace/machikania/origdev/pic32/compiler/pic32-tools/bin/../lib/gcc/pic32mx/4.5.2/../../../../pic32mx/lib/libc.a(lib_a-mallocr.o)
                0xa000006c                __malloc_sbrk_base
 .sdata.__wctomb.__wctomb
                0xa0000070        0x4 /home/gombe/workspace/machikania/origdev/pic32/compiler/pic32-tools/bin/../lib/gcc/pic32mx/4.5.2/../../../../pic32mx/lib/libc.a(lib_a-wctomb_r.o)
                0xa0000070                __wctomb
 .sdata.__XC_UART
                0xa0000074        0x4 /home/gombe/workspace/machikania/origdev/pic32/compiler/pic32-tools/bin/../lib/gcc/pic32mx/4.5.2/../../../../pic32mx/lib/libpic32.a(xc32_uart.o)
                0xa0000074                __XC_UART
                0xa0000078                . = ALIGN (0x4)
                0xa0000078                _sdata_end = .

.lit8
 *(.lit8)

.lit4
 *(.lit4)
                0xa0000078                . = ALIGN (0x4)
                0xa0000078                _data_end = .
                0xa0000078                _bss_begin = .

.sbss           0xa0000078       0x54
                0xa0000078                _sbss_begin = .
 *(.dynsbss)
 *(.sbss .sbss.* .gnu.linkonce.sb.*)
 .sbss          0xa0000078        0x4 obj/xprintf.o
 .sbss          0xa000007c        0x8 obj/ff.o
 .sbss          0xa0000084        0xc obj/mmc_xmega.o
 .sbss          0xa0000090        0x4 obj/graphiclib.o
                0xa0000090                frame
 .sbss          0xa0000094        0xc obj/composite32-high4.o
                0xa0000094                VRAMp
                0xa0000098                LineCount
                0xa000009a                drawcount
                0xa000009c                drawing
 .sbss.__nlocale_changed.__nlocale_changed
                0xa00000a0        0x4 /home/gombe/workspace/machikania/origdev/pic32/compiler/pic32-tools/bin/../lib/gcc/pic32mx/4.5.2/../../../../pic32mx/lib/libc.a(lib_a-locale.o)
                0xa00000a0                __nlocale_changed
 .sbss.__mlocale_changed.__mlocale_changed
                0xa00000a4        0x4 /home/gombe/workspace/machikania/origdev/pic32/compiler/pic32-tools/bin/../lib/gcc/pic32mx/4.5.2/../../../../pic32mx/lib/libc.a(lib_a-locale.o)
                0xa00000a4                __mlocale_changed
 .sbss._PathLocale._PathLocale
                0xa00000a8        0x4 /home/gombe/workspace/machikania/origdev/pic32/compiler/pic32-tools/bin/../lib/gcc/pic32mx/4.5.2/../../../../pic32mx/lib/libc.a(lib_a-locale.o)
                0xa00000a8                _PathLocale
 .sbss.__malloc_top_pad.__malloc_top_pad
                0xa00000ac        0x4 /home/gombe/workspace/machikania/origdev/pic32/compiler/pic32-tools/bin/../lib/gcc/pic32mx/4.5.2/../../../../pic32mx/lib/libc.a(lib_a-mallocr.o)
                0xa00000ac                __malloc_top_pad
 .sbss.__malloc_max_sbrked_mem.__malloc_max_sbrked_mem
                0xa00000b0        0x4 /home/gombe/workspace/machikania/origdev/pic32/compiler/pic32-tools/bin/../lib/gcc/pic32mx/4.5.2/../../../../pic32mx/lib/libc.a(lib_a-mallocr.o)
                0xa00000b0                __malloc_max_sbrked_mem
 .sbss.__malloc_max_total_mem.__malloc_max_total_mem
                0xa00000b4        0x4 /home/gombe/workspace/machikania/origdev/pic32/compiler/pic32-tools/bin/../lib/gcc/pic32mx/4.5.2/../../../../pic32mx/lib/libc.a(lib_a-mallocr.o)
                0xa00000b4                __malloc_max_total_mem
 .sbss._minbrk._minbrk
                0xa00000b8        0x4 /home/gombe/workspace/machikania/origdev/pic32/compiler/pic32-tools/bin/../lib/gcc/pic32mx/4.5.2/../../../../pic32mx/lib/libpic32.a(sbrk.o)
                0xa00000b8                _minbrk
 .sbss._maxbrk._maxbrk
                0xa00000bc        0x4 /home/gombe/workspace/machikania/origdev/pic32/compiler/pic32-tools/bin/../lib/gcc/pic32mx/4.5.2/../../../../pic32mx/lib/libpic32.a(sbrk.o)
                0xa00000bc                _maxbrk
 *(.scommon)
 .scommon       0xa00000c0        0x8 obj/xprintf.o
                0xa00000c0                xfunc_in
                0xa00000c4                xfunc_out
 .scommon       0xa00000c8        0x4 /home/gombe/workspace/machikania/origdev/pic32/compiler/pic32-tools/bin/../lib/gcc/pic32mx/4.5.2/../../../../pic32mx/lib/libc.a(lib_a-reent.o)
                0xa00000c8                errno
                0xa00000cc                _sbss_end = .
                0xa00000cc                . = ALIGN (0x4)

.bss            0xa00000cc        0x0
 *(.dynbss)
 *(COMMON)
                0xa00000cc                . = ALIGN ((. != 0x0)?0x4:0x1)
                0xa00000cc                . = ALIGN (0x4)
                0xa00000cc                _end = .
                0xa00000cc                _bss_end = .
                0x00010000                _bmxdudba_address = 0x10000
                0x00010000                _bmxdupba_address = 0x10000

/DISCARD/
 *(.pdr)
 *(.rel.dyn)
 *(.note.GNU-stack)
 *(.note.GNU-stack)
 *(.gnu_debuglink)
 *(.gnu.lto_*)
 *(.discard)

.gptab.sdata
 *(.gptab.data)
 *(.gptab.sdata)

.gptab.sbss
 *(.gptab.bss)
 *(.gptab.sbss)

.mdebug.abi32   0xa00000cc        0x0
 *(.mdebug.abi32)
 .mdebug.abi32  0xa00000cc        0x0 obj/xprintf.o
 .mdebug.abi32  0xa00000cc        0x0 obj/ff.o
 .mdebug.abi32  0xa00000cc        0x0 obj/mmc_xmega.o
 .mdebug.abi32  0xa00000cc        0x0 obj/triangle.o
 .mdebug.abi32  0xa00000cc        0x0 obj/matrix4.o
 .mdebug.abi32  0xa00000cc        0x0 obj/vector2.o
 .mdebug.abi32  0xa00000cc        0x0 obj/newmain.o
 .mdebug.abi32  0xa00000cc        0x0 obj/graphiclib.o
 .mdebug.abi32  0xa00000cc        0x0 obj/vector3.o
 .mdebug.abi32  0xa00000cc        0x0 obj/main.o
 .mdebug.abi32  0xa00000cc        0x0 obj/graphicdraw.o
 .mdebug.abi32  0xa00000cc        0x0 obj/composite32-high4.o
 .mdebug.abi32  0xa00000cc        0x0 ../../pic32/compiler/pic32-tools/bin/../lib/gcc/pic32mx/4.5.2/crtend.o
 .mdebug.abi32  0xa00000cc        0x0 ../../pic32/compiler/pic32-tools/bin/../lib/gcc/pic32mx/4.5.2/crtbegin.o
 .mdebug.abi32  0xa00000cc        0x0 /home/gombe/workspace/machikania/origdev/pic32/compiler/pic32-tools/bin/../lib/gcc/pic32mx/4.5.2/../../../../pic32mx/lib/libm.a(lib_a-s_cos.o)
 .mdebug.abi32  0xa00000cc        0x0 /home/gombe/workspace/machikania/origdev/pic32/compiler/pic32-tools/bin/../lib/gcc/pic32mx/4.5.2/../../../../pic32mx/lib/libm.a(lib_a-sf_cos.o)
 .mdebug.abi32  0xa00000cc        0x0 /home/gombe/workspace/machikania/origdev/pic32/compiler/pic32-tools/bin/../lib/gcc/pic32mx/4.5.2/../../../../pic32mx/lib/libm.a(lib_a-sf_sin.o)
 .mdebug.abi32  0xa00000cc        0x0 /home/gombe/workspace/machikania/origdev/pic32/compiler/pic32-tools/bin/../lib/gcc/pic32mx/4.5.2/../../../../pic32mx/lib/libm.a(lib_a-s_sin.o)
 .mdebug.abi32  0xa00000cc        0x0 /home/gombe/workspace/machikania/origdev/pic32/compiler/pic32-tools/bin/../lib/gcc/pic32mx/4.5.2/../../../../pic32mx/lib/libm.a(lib_a-s_tan.o)
 .mdebug.abi32  0xa00000cc        0x0 /home/gombe/workspace/machikania/origdev/pic32/compiler/pic32-tools/bin/../lib/gcc/pic32mx/4.5.2/../../../../pic32mx/lib/libm.a(lib_a-ef_rem_pio2.o)
 .mdebug.abi32  0xa00000cc        0x0 /home/gombe/workspace/machikania/origdev/pic32/compiler/pic32-tools/bin/../lib/gcc/pic32mx/4.5.2/../../../../pic32mx/lib/libm.a(lib_a-e_rem_pio2.o)
 .mdebug.abi32  0xa00000cc        0x0 /home/gombe/workspace/machikania/origdev/pic32/compiler/pic32-tools/bin/../lib/gcc/pic32mx/4.5.2/../../../../pic32mx/lib/libm.a(lib_a-k_cos.o)
 .mdebug.abi32  0xa00000cc        0x0 /home/gombe/workspace/machikania/origdev/pic32/compiler/pic32-tools/bin/../lib/gcc/pic32mx/4.5.2/../../../../pic32mx/lib/libm.a(lib_a-kf_cos.o)
 .mdebug.abi32  0xa00000cc        0x0 /home/gombe/workspace/machikania/origdev/pic32/compiler/pic32-tools/bin/../lib/gcc/pic32mx/4.5.2/../../../../pic32mx/lib/libm.a(lib_a-kf_rem_pio2.o)
 .mdebug.abi32  0xa00000cc        0x0 /home/gombe/workspace/machikania/origdev/pic32/compiler/pic32-tools/bin/../lib/gcc/pic32mx/4.5.2/../../../../pic32mx/lib/libm.a(lib_a-kf_sin.o)
 .mdebug.abi32  0xa00000cc        0x0 /home/gombe/workspace/machikania/origdev/pic32/compiler/pic32-tools/bin/../lib/gcc/pic32mx/4.5.2/../../../../pic32mx/lib/libm.a(lib_a-k_rem_pio2.o)
 .mdebug.abi32  0xa00000cc        0x0 /home/gombe/workspace/machikania/origdev/pic32/compiler/pic32-tools/bin/../lib/gcc/pic32mx/4.5.2/../../../../pic32mx/lib/libm.a(lib_a-k_sin.o)
 .mdebug.abi32  0xa00000cc        0x0 /home/gombe/workspace/machikania/origdev/pic32/compiler/pic32-tools/bin/../lib/gcc/pic32mx/4.5.2/../../../../pic32mx/lib/libm.a(lib_a-k_tan.o)
 .mdebug.abi32  0xa00000cc        0x0 /home/gombe/workspace/machikania/origdev/pic32/compiler/pic32-tools/bin/../lib/gcc/pic32mx/4.5.2/../../../../pic32mx/lib/libm.a(lib_a-s_fabs.o)
 .mdebug.abi32  0xa00000cc        0x0 /home/gombe/workspace/machikania/origdev/pic32/compiler/pic32-tools/bin/../lib/gcc/pic32mx/4.5.2/../../../../pic32mx/lib/libm.a(lib_a-sf_fabs.o)
 .mdebug.abi32  0xa00000cc        0x0 /home/gombe/workspace/machikania/origdev/pic32/compiler/pic32-tools/bin/../lib/gcc/pic32mx/4.5.2/../../../../pic32mx/lib/libm.a(lib_a-sf_floor.o)
 .mdebug.abi32  0xa00000cc        0x0 /home/gombe/workspace/machikania/origdev/pic32/compiler/pic32-tools/bin/../lib/gcc/pic32mx/4.5.2/../../../../pic32mx/lib/libm.a(lib_a-s_floor.o)
 .mdebug.abi32  0xa00000cc        0x0 /home/gombe/workspace/machikania/origdev/pic32/compiler/pic32-tools/bin/../lib/gcc/pic32mx/4.5.2/../../../../pic32mx/lib/libm.a(lib_a-sf_scalbn.o)
 .mdebug.abi32  0xa00000cc        0x0 /home/gombe/workspace/machikania/origdev/pic32/compiler/pic32-tools/bin/../lib/gcc/pic32mx/4.5.2/../../../../pic32mx/lib/libm.a(lib_a-s_scalbn.o)
 .mdebug.abi32  0xa00000cc        0x0 /home/gombe/workspace/machikania/origdev/pic32/compiler/pic32-tools/bin/../lib/gcc/pic32mx/4.5.2/../../../../pic32mx/lib/libm.a(lib_a-s_copysign.o)
 .mdebug.abi32  0xa00000cc        0x0 /home/gombe/workspace/machikania/origdev/pic32/compiler/pic32-tools/bin/../lib/gcc/pic32mx/4.5.2/../../../../pic32mx/lib/libm.a(lib_a-sf_copysign.o)
 .mdebug.abi32  0xa00000cc        0x0 /home/gombe/workspace/machikania/origdev/pic32/compiler/pic32-tools/bin/../lib/gcc/pic32mx/4.5.2/libgcc.a(_divdi3.o)
 .mdebug.abi32  0xa00000cc        0x0 /home/gombe/workspace/machikania/origdev/pic32/compiler/pic32-tools/bin/../lib/gcc/pic32mx/4.5.2/libgcc.a(addsf3.o)
 .mdebug.abi32  0xa00000cc        0x0 /home/gombe/workspace/machikania/origdev/pic32/compiler/pic32-tools/bin/../lib/gcc/pic32mx/4.5.2/libgcc.a(eqsf2.o)
 .mdebug.abi32  0xa00000cc        0x0 /home/gombe/workspace/machikania/origdev/pic32/compiler/pic32-tools/bin/../lib/gcc/pic32mx/4.5.2/libgcc.a(gesf2.o)
 .mdebug.abi32  0xa00000cc        0x0 /home/gombe/workspace/machikania/origdev/pic32/compiler/pic32-tools/bin/../lib/gcc/pic32mx/4.5.2/libgcc.a(mulsf3.o)
 .mdebug.abi32  0xa00000cc        0x0 /home/gombe/workspace/machikania/origdev/pic32/compiler/pic32-tools/bin/../lib/gcc/pic32mx/4.5.2/libgcc.a(subsf3.o)
 .mdebug.abi32  0xa00000cc        0x0 /home/gombe/workspace/machikania/origdev/pic32/compiler/pic32-tools/bin/../lib/gcc/pic32mx/4.5.2/libgcc.a(fixsfsi.o)
 .mdebug.abi32  0xa00000cc        0x0 /home/gombe/workspace/machikania/origdev/pic32/compiler/pic32-tools/bin/../lib/gcc/pic32mx/4.5.2/libgcc.a(floatsisf.o)
 .mdebug.abi32  0xa00000cc        0x0 /home/gombe/workspace/machikania/origdev/pic32/compiler/pic32-tools/bin/../lib/gcc/pic32mx/4.5.2/libgcc.a(floatunsisf.o)
 .mdebug.abi32  0xa00000cc        0x0 /home/gombe/workspace/machikania/origdev/pic32/compiler/pic32-tools/bin/../lib/gcc/pic32mx/4.5.2/libgcc.a(adddf3.o)
 .mdebug.abi32  0xa00000cc        0x0 /home/gombe/workspace/machikania/origdev/pic32/compiler/pic32-tools/bin/../lib/gcc/pic32mx/4.5.2/libgcc.a(divdf3.o)
 .mdebug.abi32  0xa00000cc        0x0 /home/gombe/workspace/machikania/origdev/pic32/compiler/pic32-tools/bin/../lib/gcc/pic32mx/4.5.2/libgcc.a(eqdf2.o)
 .mdebug.abi32  0xa00000cc        0x0 /home/gombe/workspace/machikania/origdev/pic32/compiler/pic32-tools/bin/../lib/gcc/pic32mx/4.5.2/libgcc.a(gedf2.o)
 .mdebug.abi32  0xa00000cc        0x0 /home/gombe/workspace/machikania/origdev/pic32/compiler/pic32-tools/bin/../lib/gcc/pic32mx/4.5.2/libgcc.a(muldf3.o)
 .mdebug.abi32  0xa00000cc        0x0 /home/gombe/workspace/machikania/origdev/pic32/compiler/pic32-tools/bin/../lib/gcc/pic32mx/4.5.2/libgcc.a(subdf3.o)
 .mdebug.abi32  0xa00000cc        0x0 /home/gombe/workspace/machikania/origdev/pic32/compiler/pic32-tools/bin/../lib/gcc/pic32mx/4.5.2/libgcc.a(fixdfsi.o)
 .mdebug.abi32  0xa00000cc        0x0 /home/gombe/workspace/machikania/origdev/pic32/compiler/pic32-tools/bin/../lib/gcc/pic32mx/4.5.2/libgcc.a(floatsidf.o)
 .mdebug.abi32  0xa00000cc        0x0 /home/gombe/workspace/machikania/origdev/pic32/compiler/pic32-tools/bin/../lib/gcc/pic32mx/4.5.2/libgcc.a(floatunsidf.o)
 .mdebug.abi32  0xa00000cc        0x0 /home/gombe/workspace/machikania/origdev/pic32/compiler/pic32-tools/bin/../lib/gcc/pic32mx/4.5.2/libgcc.a(extendsfdf2.o)
 .mdebug.abi32  0xa00000cc        0x0 /home/gombe/workspace/machikania/origdev/pic32/compiler/pic32-tools/bin/../lib/gcc/pic32mx/4.5.2/libgcc.a(truncdfsf2.o)
 .mdebug.abi32  0xa00000cc        0x0 /home/gombe/workspace/machikania/origdev/pic32/compiler/pic32-tools/bin/../lib/gcc/pic32mx/4.5.2/../../../../pic32mx/lib/libc.a(lib_a-printf.o)
 .mdebug.abi32  0xa00000cc        0x0 /home/gombe/workspace/machikania/origdev/pic32/compiler/pic32-tools/bin/../lib/gcc/pic32mx/4.5.2/../../../../pic32mx/lib/libc.a(lib_a-vfprintf.o)
 .mdebug.abi32  0xa00000cc        0x0 /home/gombe/workspace/machikania/origdev/pic32/compiler/pic32-tools/bin/../lib/gcc/pic32mx/4.5.2/../../../../pic32mx/lib/libc.a(lib_a-wsetup.o)
 .mdebug.abi32  0xa00000cc        0x0 /home/gombe/workspace/machikania/origdev/pic32/compiler/pic32-tools/bin/../lib/gcc/pic32mx/4.5.2/../../../../pic32mx/lib/libc.a(lib_a-dtoa.o)
 .mdebug.abi32  0xa00000cc        0x0 /home/gombe/workspace/machikania/origdev/pic32/compiler/pic32-tools/bin/../lib/gcc/pic32mx/4.5.2/../../../../pic32mx/lib/libc.a(lib_a-fflush.o)
 .mdebug.abi32  0xa00000cc        0x0 /home/gombe/workspace/machikania/origdev/pic32/compiler/pic32-tools/bin/../lib/gcc/pic32mx/4.5.2/../../../../pic32mx/lib/libc.a(lib_a-findfp.o)
 .mdebug.abi32  0xa00000cc        0x0 /home/gombe/workspace/machikania/origdev/pic32/compiler/pic32-tools/bin/../lib/gcc/pic32mx/4.5.2/../../../../pic32mx/lib/libc.a(lib_a-freer.o)
 .mdebug.abi32  0xa00000cc        0x0 /home/gombe/workspace/machikania/origdev/pic32/compiler/pic32-tools/bin/../lib/gcc/pic32mx/4.5.2/../../../../pic32mx/lib/libc.a(lib_a-fwalk.o)
 .mdebug.abi32  0xa00000cc        0x0 /home/gombe/workspace/machikania/origdev/pic32/compiler/pic32-tools/bin/../lib/gcc/pic32mx/4.5.2/../../../../pic32mx/lib/libc.a(lib_a-impure.o)
 .mdebug.abi32  0xa00000cc        0x0 /home/gombe/workspace/machikania/origdev/pic32/compiler/pic32-tools/bin/../lib/gcc/pic32mx/4.5.2/../../../../pic32mx/lib/libc.a(lib_a-locale.o)
 .mdebug.abi32  0xa00000cc        0x0 /home/gombe/workspace/machikania/origdev/pic32/compiler/pic32-tools/bin/../lib/gcc/pic32mx/4.5.2/../../../../pic32mx/lib/libc.a(lib_a-makebuf.o)
 .mdebug.abi32  0xa00000cc        0x0 /home/gombe/workspace/machikania/origdev/pic32/compiler/pic32-tools/bin/../lib/gcc/pic32mx/4.5.2/../../../../pic32mx/lib/libc.a(lib_a-mallocr.o)
 .mdebug.abi32  0xa00000cc        0x0 /home/gombe/workspace/machikania/origdev/pic32/compiler/pic32-tools/bin/../lib/gcc/pic32mx/4.5.2/../../../../pic32mx/lib/libc.a(lib_a-memchr.o)
 .mdebug.abi32  0xa00000cc        0x0 /home/gombe/workspace/machikania/origdev/pic32/compiler/pic32-tools/bin/../lib/gcc/pic32mx/4.5.2/../../../../pic32mx/lib/libc.a(lib_a-memcpy.o)
 .mdebug.abi32  0xa00000cc        0x0 /home/gombe/workspace/machikania/origdev/pic32/compiler/pic32-tools/bin/../lib/gcc/pic32mx/4.5.2/../../../../pic32mx/lib/libc.a(lib_a-memset.o)
 .mdebug.abi32  0xa00000cc        0x0 /home/gombe/workspace/machikania/origdev/pic32/compiler/pic32-tools/bin/../lib/gcc/pic32mx/4.5.2/../../../../pic32mx/lib/libc.a(lib_a-mlock.o)
 .mdebug.abi32  0xa00000cc        0x0 /home/gombe/workspace/machikania/origdev/pic32/compiler/pic32-tools/bin/../lib/gcc/pic32mx/4.5.2/../../../../pic32mx/lib/libc.a(lib_a-mprec.o)
 .mdebug.abi32  0xa00000cc        0x0 /home/gombe/workspace/machikania/origdev/pic32/compiler/pic32-tools/bin/../lib/gcc/pic32mx/4.5.2/../../../../pic32mx/lib/libc.a(lib_a-sbrkr.o)
 .mdebug.abi32  0xa00000cc        0x0 /home/gombe/workspace/machikania/origdev/pic32/compiler/pic32-tools/bin/../lib/gcc/pic32mx/4.5.2/../../../../pic32mx/lib/libc.a(lib_a-s_fpclassify.o)
 .mdebug.abi32  0xa00000cc        0x0 /home/gombe/workspace/machikania/origdev/pic32/compiler/pic32-tools/bin/../lib/gcc/pic32mx/4.5.2/../../../../pic32mx/lib/libc.a(lib_a-stdio.o)
 .mdebug.abi32  0xa00000cc        0x0 /home/gombe/workspace/machikania/origdev/pic32/compiler/pic32-tools/bin/../lib/gcc/pic32mx/4.5.2/../../../../pic32mx/lib/libc.a(lib_a-strcmp.o)
 .mdebug.abi32  0xa00000cc        0x0 /home/gombe/workspace/machikania/origdev/pic32/compiler/pic32-tools/bin/../lib/gcc/pic32mx/4.5.2/../../../../pic32mx/lib/libc.a(lib_a-strlen.o)
 .mdebug.abi32  0xa00000cc        0x0 /home/gombe/workspace/machikania/origdev/pic32/compiler/pic32-tools/bin/../lib/gcc/pic32mx/4.5.2/../../../../pic32mx/lib/libc.a(lib_a-vfiprintf.o)
 .mdebug.abi32  0xa00000cc        0x0 /home/gombe/workspace/machikania/origdev/pic32/compiler/pic32-tools/bin/../lib/gcc/pic32mx/4.5.2/../../../../pic32mx/lib/libc.a(lib_a-writer.o)
 .mdebug.abi32  0xa00000cc        0x0 /home/gombe/workspace/machikania/origdev/pic32/compiler/pic32-tools/bin/../lib/gcc/pic32mx/4.5.2/../../../../pic32mx/lib/libc.a(lib_a-callocr.o)
 .mdebug.abi32  0xa00000cc        0x0 /home/gombe/workspace/machikania/origdev/pic32/compiler/pic32-tools/bin/../lib/gcc/pic32mx/4.5.2/../../../../pic32mx/lib/libc.a(lib_a-closer.o)
 .mdebug.abi32  0xa00000cc        0x0 /home/gombe/workspace/machikania/origdev/pic32/compiler/pic32-tools/bin/../lib/gcc/pic32mx/4.5.2/../../../../pic32mx/lib/libc.a(lib_a-fclose.o)
 .mdebug.abi32  0xa00000cc        0x0 /home/gombe/workspace/machikania/origdev/pic32/compiler/pic32-tools/bin/../lib/gcc/pic32mx/4.5.2/../../../../pic32mx/lib/libc.a(lib_a-fputwc.o)
 .mdebug.abi32  0xa00000cc        0x0 /home/gombe/workspace/machikania/origdev/pic32/compiler/pic32-tools/bin/../lib/gcc/pic32mx/4.5.2/../../../../pic32mx/lib/libc.a(lib_a-fstatr.o)
 .mdebug.abi32  0xa00000cc        0x0 /home/gombe/workspace/machikania/origdev/pic32/compiler/pic32-tools/bin/../lib/gcc/pic32mx/4.5.2/../../../../pic32mx/lib/libc.a(lib_a-fvwrite.o)
 .mdebug.abi32  0xa00000cc        0x0 /home/gombe/workspace/machikania/origdev/pic32/compiler/pic32-tools/bin/../lib/gcc/pic32mx/4.5.2/../../../../pic32mx/lib/libc.a(lib_a-isattyr.o)
 .mdebug.abi32  0xa00000cc        0x0 /home/gombe/workspace/machikania/origdev/pic32/compiler/pic32-tools/bin/../lib/gcc/pic32mx/4.5.2/../../../../pic32mx/lib/libc.a(lib_a-lseekr.o)
 .mdebug.abi32  0xa00000cc        0x0 /home/gombe/workspace/machikania/origdev/pic32/compiler/pic32-tools/bin/../lib/gcc/pic32mx/4.5.2/../../../../pic32mx/lib/libc.a(lib_a-memmove.o)
 .mdebug.abi32  0xa00000cc        0x0 /home/gombe/workspace/machikania/origdev/pic32/compiler/pic32-tools/bin/../lib/gcc/pic32mx/4.5.2/../../../../pic32mx/lib/libc.a(lib_a-readr.o)
 .mdebug.abi32  0xa00000cc        0x0 /home/gombe/workspace/machikania/origdev/pic32/compiler/pic32-tools/bin/../lib/gcc/pic32mx/4.5.2/../../../../pic32mx/lib/libc.a(lib_a-reallocr.o)
 .mdebug.abi32  0xa00000cc        0x0 /home/gombe/workspace/machikania/origdev/pic32/compiler/pic32-tools/bin/../lib/gcc/pic32mx/4.5.2/../../../../pic32mx/lib/libc.a(lib_a-reent.o)
 .mdebug.abi32  0xa00000cc        0x0 /home/gombe/workspace/machikania/origdev/pic32/compiler/pic32-tools/bin/../lib/gcc/pic32mx/4.5.2/../../../../pic32mx/lib/libc.a(lib_a-wbuf.o)
 .mdebug.abi32  0xa00000cc        0x0 /home/gombe/workspace/machikania/origdev/pic32/compiler/pic32-tools/bin/../lib/gcc/pic32mx/4.5.2/../../../../pic32mx/lib/libc.a(lib_a-wcrtomb.o)
 .mdebug.abi32  0xa00000cc        0x0 /home/gombe/workspace/machikania/origdev/pic32/compiler/pic32-tools/bin/../lib/gcc/pic32mx/4.5.2/../../../../pic32mx/lib/libc.a(lib_a-wctomb_r.o)
 .mdebug.abi32  0xa00000cc        0x0 /home/gombe/workspace/machikania/origdev/pic32/compiler/pic32-tools/bin/../lib/gcc/pic32mx/4.5.2/../../../../pic32mx/lib/libpic32.a(sbrk.o)
 .mdebug.abi32  0xa00000cc        0x0 /home/gombe/workspace/machikania/origdev/pic32/compiler/pic32-tools/bin/../lib/gcc/pic32mx/4.5.2/../../../../pic32mx/lib/libpic32.a(default-bootstrap-exception-handler.o)
 .mdebug.abi32  0xa00000cc        0x0 /home/gombe/workspace/machikania/origdev/pic32/compiler/pic32-tools/bin/../lib/gcc/pic32mx/4.5.2/../../../../pic32mx/lib/libpic32.a(default-on-reset.o)
 .mdebug.abi32  0xa00000cc        0x0 /home/gombe/workspace/machikania/origdev/pic32/compiler/pic32-tools/bin/../lib/gcc/pic32mx/4.5.2/../../../../pic32mx/lib/libpic32.a(default-on-bootstrap.o)
 .mdebug.abi32  0xa00000cc        0x0 /home/gombe/workspace/machikania/origdev/pic32/compiler/pic32-tools/bin/../lib/gcc/pic32mx/4.5.2/../../../../pic32mx/lib/libpic32.a(isatty.o)
 .mdebug.abi32  0xa00000cc        0x0 /home/gombe/workspace/machikania/origdev/pic32/compiler/pic32-tools/bin/../lib/gcc/pic32mx/4.5.2/../../../../pic32mx/lib/libpic32.a(read.o)
 .mdebug.abi32  0xa00000cc        0x0 /home/gombe/workspace/machikania/origdev/pic32/compiler/pic32-tools/bin/../lib/gcc/pic32mx/4.5.2/../../../../pic32mx/lib/libpic32.a(write.o)
 .mdebug.abi32  0xa00000cc        0x0 /home/gombe/workspace/machikania/origdev/pic32/compiler/pic32-tools/bin/../lib/gcc/pic32mx/4.5.2/../../../../pic32mx/lib/libpic32.a(lseek.o)
 .mdebug.abi32  0xa00000cc        0x0 /home/gombe/workspace/machikania/origdev/pic32/compiler/pic32-tools/bin/../lib/gcc/pic32mx/4.5.2/../../../../pic32mx/lib/libpic32.a(close.o)
 .mdebug.abi32  0xa00000cc        0x0 /home/gombe/workspace/machikania/origdev/pic32/compiler/pic32-tools/bin/../lib/gcc/pic32mx/4.5.2/../../../../pic32mx/lib/libpic32.a(fstat.o)
 .mdebug.abi32  0xa00000cc        0x0 /home/gombe/workspace/machikania/origdev/pic32/compiler/pic32-tools/bin/../lib/gcc/pic32mx/4.5.2/../../../../pic32mx/lib/libpic32.a(xc32_uart.o)
 .mdebug.abi32  0xa00000cc        0x0 /home/gombe/workspace/machikania/origdev/pic32/compiler/pic32-tools/bin/../lib/gcc/pic32mx/4.5.2/../../../../pic32mx/lib/libpic32.a(_mon_putc.o)
 .mdebug.abi32  0xa00000cc        0x0 /home/gombe/workspace/machikania/origdev/pic32/compiler/pic32-tools/bin/../lib/gcc/pic32mx/4.5.2/../../../../pic32mx/lib/libpic32.a(defaultinterrupt.o)
 .mdebug.abi32  0xa00000cc        0x0 /home/gombe/workspace/machikania/origdev/pic32/compiler/pic32-tools/bin/../lib/gcc/pic32mx/4.5.2/libgcc.a(_udivdi3.o)
 .mdebug.abi32  0xa00000cc        0x0 /home/gombe/workspace/machikania/origdev/pic32/compiler/pic32-tools/bin/../lib/gcc/pic32mx/4.5.2/libgcc.a(_umoddi3.o)
 .mdebug.abi32  0xa00000cc        0x0 /home/gombe/workspace/machikania/origdev/pic32/compiler/pic32-tools/bin/../lib/gcc/pic32mx/4.5.2/libgcc.a(ledf2.o)
 .mdebug.abi32  0xa00000cc        0x0 /home/gombe/workspace/machikania/origdev/pic32/compiler/pic32-tools/bin/../lib/gcc/pic32mx/4.5.2/../../../../pic32mx/lib/libmchp_peripheral_32MX250F128B.a(osc_config_lib.o)
 .mdebug.abi32  0xa00000cc        0x0 /home/gombe/workspace/machikania/origdev/pic32/compiler/pic32-tools/bin/../lib/gcc/pic32mx/4.5.2/../../../../pic32mx/lib/libmchp_peripheral_32MX250F128B.a(int_disable_interrupts_lib.o)
 .mdebug.abi32  0xa00000cc        0x0 /home/gombe/workspace/machikania/origdev/pic32/compiler/pic32-tools/bin/../lib/gcc/pic32mx/4.5.2/../../../../pic32mx/lib/libmchp_peripheral_32MX250F128B.a(int_restore_interrupts_lib.o)
 .mdebug.abi32  0xa00000cc        0x0 /home/gombe/workspace/machikania/origdev/pic32/compiler/pic32-tools/bin/../lib/gcc/pic32mx/4.5.2/../../../../pic32mx/lib/libmchp_peripheral_32MX250F128B.a(int_enable_mv_int_lib.o)
 .mdebug.abi32  0xa00000cc        0x0 /home/gombe/workspace/machikania/origdev/pic32/compiler/pic32-tools/bin/../lib/gcc/pic32mx/4.5.2/../../../../pic32mx/lib/libmchp_peripheral_32MX250F128B.a(spi_getc_spi2_lib_legacy.o)
 .mdebug.abi32  0xa00000cc        0x0 /home/gombe/workspace/machikania/origdev/pic32/compiler/pic32-tools/bin/../lib/gcc/pic32mx/4.5.2/../../../../pic32mx/lib/libmchp_peripheral_32MX250F128B.a(spi_open_spi2_lib_legacy.o)
 .mdebug.abi32  0xa00000cc        0x0 /home/gombe/workspace/machikania/origdev/pic32/compiler/pic32-tools/bin/../lib/gcc/pic32mx/4.5.2/../../../../pic32mx/lib/libmchp_peripheral_32MX250F128B.a(spi_brg_tbl_lib_legacy.o)
 .mdebug.abi32  0xa00000cc        0x0 /home/gombe/workspace/machikania/origdev/pic32/compiler/pic32-tools/bin/../lib/gcc/pic32mx/4.5.2/../../../../pic32mx/lib/libmchp_peripheral_32MX250F128B.a(dma_chn_clr_ev_flags_lib.o)
 .mdebug.abi32  0xa00000cc        0x0 /home/gombe/workspace/machikania/origdev/pic32/compiler/pic32-tools/bin/../lib/gcc/pic32mx/4.5.2/../../../../pic32mx/lib/libmchp_peripheral_32MX250F128B.a(dma_chn_open_lib.o)
 .mdebug.abi32  0xa00000cc        0x0 /home/gombe/workspace/machikania/origdev/pic32/compiler/pic32-tools/bin/../lib/gcc/pic32mx/4.5.2/../../../../pic32mx/lib/libmchp_peripheral_32MX250F128B.a(dma_chn_enable_lib.o)
 .mdebug.abi32  0xa00000cc        0x0 /home/gombe/workspace/machikania/origdev/pic32/compiler/pic32-tools/bin/../lib/gcc/pic32mx/4.5.2/../../../../pic32mx/lib/libmchp_peripheral_32MX250F128B.a(dma_chn_get_ev_flags_lib.o)
 .mdebug.abi32  0xa00000cc        0x0 /home/gombe/workspace/machikania/origdev/pic32/compiler/pic32-tools/bin/../lib/gcc/pic32mx/4.5.2/../../../../pic32mx/lib/libmchp_peripheral_32MX250F128B.a(dma_chn_write_event_control_flags_lib.o)
 .mdebug.abi32  0xa00000cc        0x0 /home/gombe/workspace/machikania/origdev/pic32/compiler/pic32-tools/bin/../lib/gcc/pic32mx/4.5.2/../../../../pic32mx/lib/libmchp_peripheral_32MX250F128B.a(dma_chn_set_txfer_lib.o)
 .mdebug.abi32  0xa00000cc        0x0 /home/gombe/workspace/machikania/origdev/pic32/compiler/pic32-tools/bin/../lib/gcc/pic32mx/4.5.2/../../../../pic32mx/lib/libmchp_peripheral_32MX250F128B.a(dma_chn_start_txfer_lib.o)
 .mdebug.abi32  0xa00000cc        0x0 /home/gombe/workspace/machikania/origdev/pic32/compiler/pic32-tools/bin/../lib/gcc/pic32mx/4.5.2/../../../../pic32mx/lib/libmchp_peripheral_32MX250F128B.a(dma_reg_map_tbl_lib.o)
 .mdebug.abi32  0xa00000cc        0x0 /home/gombe/workspace/machikania/origdev/pic32/compiler/pic32-tools/bin/../lib/gcc/pic32mx/4.5.2/../../../../pic32mx/lib/libmchp_peripheral_32MX250F128B.a(int_enable_interrupts_lib.o)
 .mdebug.abi32  0xa00000cc        0x0 /home/gombe/workspace/machikania/origdev/pic32/compiler/pic32-tools/bin/../lib/gcc/pic32mx/4.5.2/../../../../pic32mx/lib/libmchp_peripheral_32MX250F128B.a(int_tbl_lib.o)
 .mdebug.abi32  0xa00000cc        0x0 /home/gombe/workspace/machikania/origdev/pic32/compiler/pic32-tools/bin/../lib/gcc/pic32mx/4.5.2/../../../../pic32mx/lib/libc.a(lib_a-errno.o)

.mdebug.abiN32
 *(.mdebug.abiN32)

.mdebug.abi64
 *(.mdebug.abi64)

.mdebug.abiO64
 *(.mdebug.abiO64)

.mdebug.eabi32
 *(.mdebug.eabi32)

.mdebug.eabi64
 *(.mdebug.eabi64)

.gcc_compiled_long32
 *(.gcc_compiled_long32)

.gcc_compiled_long64
 *(.gcc_compiled_long64)

.stab
 *(.stab)

.stabstr
 *(.stabstr)

.stab.excl
 *(.stab.excl)

.stab.exclstr
 *(.stab.exclstr)

.stab.index
 *(.stab.index)

.stab.indexstr
 *(.stab.indexstr)

.comment        0x00000000      0x110
 *(.comment)
 .comment       0x00000000       0x3b obj/xprintf.o
                                 0x3c (size before relaxing)
 .comment       0x00000000       0x3c obj/ff.o
 .comment       0x00000000       0x3c obj/mmc_xmega.o
 .comment       0x00000000       0x3c obj/triangle.o
 .comment       0x00000000       0x3c obj/matrix4.o
 .comment       0x00000000       0x3c obj/vector2.o
 .comment       0x00000000       0x3c obj/newmain.o
 .comment       0x00000000       0x3c obj/graphiclib.o
 .comment       0x00000000       0x3c obj/vector3.o
 .comment       0x00000000       0x3c obj/main.o
 .comment       0x00000000       0x3c obj/graphicdraw.o
 .comment       0x00000000       0x3c obj/composite32-high4.o
 .comment       0x00000000       0x3c ../../pic32/compiler/pic32-tools/bin/../lib/gcc/pic32mx/4.5.2/crtend.o
 .comment       0x00000000       0x3c ../../pic32/compiler/pic32-tools/bin/../lib/gcc/pic32mx/4.5.2/crtbegin.o
 .comment       0x00000000       0x3c /home/gombe/workspace/machikania/origdev/pic32/compiler/pic32-tools/bin/../lib/gcc/pic32mx/4.5.2/../../../../pic32mx/lib/libm.a(lib_a-s_cos.o)
 .comment       0x00000000       0x3c /home/gombe/workspace/machikania/origdev/pic32/compiler/pic32-tools/bin/../lib/gcc/pic32mx/4.5.2/../../../../pic32mx/lib/libm.a(lib_a-sf_cos.o)
 .comment       0x00000000       0x3c /home/gombe/workspace/machikania/origdev/pic32/compiler/pic32-tools/bin/../lib/gcc/pic32mx/4.5.2/../../../../pic32mx/lib/libm.a(lib_a-sf_sin.o)
 .comment       0x00000000       0x3c /home/gombe/workspace/machikania/origdev/pic32/compiler/pic32-tools/bin/../lib/gcc/pic32mx/4.5.2/../../../../pic32mx/lib/libm.a(lib_a-s_sin.o)
 .comment       0x00000000       0x3c /home/gombe/workspace/machikania/origdev/pic32/compiler/pic32-tools/bin/../lib/gcc/pic32mx/4.5.2/../../../../pic32mx/lib/libm.a(lib_a-s_tan.o)
 .comment       0x00000000       0x3c /home/gombe/workspace/machikania/origdev/pic32/compiler/pic32-tools/bin/../lib/gcc/pic32mx/4.5.2/../../../../pic32mx/lib/libm.a(lib_a-ef_rem_pio2.o)
 .comment       0x00000000       0x3c /home/gombe/workspace/machikania/origdev/pic32/compiler/pic32-tools/bin/../lib/gcc/pic32mx/4.5.2/../../../../pic32mx/lib/libm.a(lib_a-e_rem_pio2.o)
 .comment       0x00000000       0x3c /home/gombe/workspace/machikania/origdev/pic32/compiler/pic32-tools/bin/../lib/gcc/pic32mx/4.5.2/../../../../pic32mx/lib/libm.a(lib_a-k_cos.o)
 .comment       0x00000000       0x3c /home/gombe/workspace/machikania/origdev/pic32/compiler/pic32-tools/bin/../lib/gcc/pic32mx/4.5.2/../../../../pic32mx/lib/libm.a(lib_a-kf_cos.o)
 .comment       0x00000000       0x3c /home/gombe/workspace/machikania/origdev/pic32/compiler/pic32-tools/bin/../lib/gcc/pic32mx/4.5.2/../../../../pic32mx/lib/libm.a(lib_a-kf_rem_pio2.o)
 .comment       0x00000000       0x3c /home/gombe/workspace/machikania/origdev/pic32/compiler/pic32-tools/bin/../lib/gcc/pic32mx/4.5.2/../../../../pic32mx/lib/libm.a(lib_a-kf_sin.o)
 .comment       0x00000000       0x3c /home/gombe/workspace/machikania/origdev/pic32/compiler/pic32-tools/bin/../lib/gcc/pic32mx/4.5.2/../../../../pic32mx/lib/libm.a(lib_a-k_rem_pio2.o)
 .comment       0x00000000       0x3c /home/gombe/workspace/machikania/origdev/pic32/compiler/pic32-tools/bin/../lib/gcc/pic32mx/4.5.2/../../../../pic32mx/lib/libm.a(lib_a-k_sin.o)
 .comment       0x00000000       0x3c /home/gombe/workspace/machikania/origdev/pic32/compiler/pic32-tools/bin/../lib/gcc/pic32mx/4.5.2/../../../../pic32mx/lib/libm.a(lib_a-k_tan.o)
 .comment       0x00000000       0x3c /home/gombe/workspace/machikania/origdev/pic32/compiler/pic32-tools/bin/../lib/gcc/pic32mx/4.5.2/../../../../pic32mx/lib/libm.a(lib_a-s_fabs.o)
 .comment       0x00000000       0x3c /home/gombe/workspace/machikania/origdev/pic32/compiler/pic32-tools/bin/../lib/gcc/pic32mx/4.5.2/../../../../pic32mx/lib/libm.a(lib_a-sf_fabs.o)
 .comment       0x00000000       0x3c /home/gombe/workspace/machikania/origdev/pic32/compiler/pic32-tools/bin/../lib/gcc/pic32mx/4.5.2/../../../../pic32mx/lib/libm.a(lib_a-sf_floor.o)
 .comment       0x00000000       0x3c /home/gombe/workspace/machikania/origdev/pic32/compiler/pic32-tools/bin/../lib/gcc/pic32mx/4.5.2/../../../../pic32mx/lib/libm.a(lib_a-s_floor.o)
 .comment       0x00000000       0x3c /home/gombe/workspace/machikania/origdev/pic32/compiler/pic32-tools/bin/../lib/gcc/pic32mx/4.5.2/../../../../pic32mx/lib/libm.a(lib_a-sf_scalbn.o)
 .comment       0x00000000       0x3c /home/gombe/workspace/machikania/origdev/pic32/compiler/pic32-tools/bin/../lib/gcc/pic32mx/4.5.2/../../../../pic32mx/lib/libm.a(lib_a-s_scalbn.o)
 .comment       0x00000000       0x3c /home/gombe/workspace/machikania/origdev/pic32/compiler/pic32-tools/bin/../lib/gcc/pic32mx/4.5.2/../../../../pic32mx/lib/libm.a(lib_a-s_copysign.o)
 .comment       0x00000000       0x3c /home/gombe/workspace/machikania/origdev/pic32/compiler/pic32-tools/bin/../lib/gcc/pic32mx/4.5.2/../../../../pic32mx/lib/libm.a(lib_a-sf_copysign.o)
 .comment       0x00000000       0x3c /home/gombe/workspace/machikania/origdev/pic32/compiler/pic32-tools/bin/../lib/gcc/pic32mx/4.5.2/libgcc.a(_divdi3.o)
 .comment       0x00000000       0x3c /home/gombe/workspace/machikania/origdev/pic32/compiler/pic32-tools/bin/../lib/gcc/pic32mx/4.5.2/libgcc.a(addsf3.o)
 .comment       0x00000000       0x3c /home/gombe/workspace/machikania/origdev/pic32/compiler/pic32-tools/bin/../lib/gcc/pic32mx/4.5.2/libgcc.a(eqsf2.o)
 .comment       0x00000000       0x3c /home/gombe/workspace/machikania/origdev/pic32/compiler/pic32-tools/bin/../lib/gcc/pic32mx/4.5.2/libgcc.a(gesf2.o)
 .comment       0x00000000       0x3c /home/gombe/workspace/machikania/origdev/pic32/compiler/pic32-tools/bin/../lib/gcc/pic32mx/4.5.2/libgcc.a(mulsf3.o)
 .comment       0x00000000       0x3c /home/gombe/workspace/machikania/origdev/pic32/compiler/pic32-tools/bin/../lib/gcc/pic32mx/4.5.2/libgcc.a(subsf3.o)
 .comment       0x00000000       0x3c /home/gombe/workspace/machikania/origdev/pic32/compiler/pic32-tools/bin/../lib/gcc/pic32mx/4.5.2/libgcc.a(fixsfsi.o)
 .comment       0x00000000       0x3c /home/gombe/workspace/machikania/origdev/pic32/compiler/pic32-tools/bin/../lib/gcc/pic32mx/4.5.2/libgcc.a(floatsisf.o)
 .comment       0x00000000       0x3c /home/gombe/workspace/machikania/origdev/pic32/compiler/pic32-tools/bin/../lib/gcc/pic32mx/4.5.2/libgcc.a(floatunsisf.o)
 .comment       0x00000000       0x3c /home/gombe/workspace/machikania/origdev/pic32/compiler/pic32-tools/bin/../lib/gcc/pic32mx/4.5.2/libgcc.a(adddf3.o)
 .comment       0x00000000       0x3c /home/gombe/workspace/machikania/origdev/pic32/compiler/pic32-tools/bin/../lib/gcc/pic32mx/4.5.2/libgcc.a(divdf3.o)
 .comment       0x00000000       0x3c /home/gombe/workspace/machikania/origdev/pic32/compiler/pic32-tools/bin/../lib/gcc/pic32mx/4.5.2/libgcc.a(eqdf2.o)
 .comment       0x00000000       0x3c /home/gombe/workspace/machikania/origdev/pic32/compiler/pic32-tools/bin/../lib/gcc/pic32mx/4.5.2/libgcc.a(gedf2.o)
 .comment       0x00000000       0x3c /home/gombe/workspace/machikania/origdev/pic32/compiler/pic32-tools/bin/../lib/gcc/pic32mx/4.5.2/libgcc.a(muldf3.o)
 .comment       0x00000000       0x3c /home/gombe/workspace/machikania/origdev/pic32/compiler/pic32-tools/bin/../lib/gcc/pic32mx/4.5.2/libgcc.a(subdf3.o)
 .comment       0x00000000       0x3c /home/gombe/workspace/machikania/origdev/pic32/compiler/pic32-tools/bin/../lib/gcc/pic32mx/4.5.2/libgcc.a(fixdfsi.o)
 .comment       0x00000000       0x3c /home/gombe/workspace/machikania/origdev/pic32/compiler/pic32-tools/bin/../lib/gcc/pic32mx/4.5.2/libgcc.a(floatsidf.o)
 .comment       0x00000000       0x3c /home/gombe/workspace/machikania/origdev/pic32/compiler/pic32-tools/bin/../lib/gcc/pic32mx/4.5.2/libgcc.a(floatunsidf.o)
 .comment       0x00000000       0x3c /home/gombe/workspace/machikania/origdev/pic32/compiler/pic32-tools/bin/../lib/gcc/pic32mx/4.5.2/libgcc.a(extendsfdf2.o)
 .comment       0x00000000       0x3c /home/gombe/workspace/machikania/origdev/pic32/compiler/pic32-tools/bin/../lib/gcc/pic32mx/4.5.2/libgcc.a(truncdfsf2.o)
 .comment       0x00000000       0x3c /home/gombe/workspace/machikania/origdev/pic32/compiler/pic32-tools/bin/../lib/gcc/pic32mx/4.5.2/../../../../pic32mx/lib/libc.a(lib_a-printf.o)
 .comment       0x00000000       0x3c /home/gombe/workspace/machikania/origdev/pic32/compiler/pic32-tools/bin/../lib/gcc/pic32mx/4.5.2/../../../../pic32mx/lib/libc.a(lib_a-vfprintf.o)
 .comment       0x00000000       0x3c /home/gombe/workspace/machikania/origdev/pic32/compiler/pic32-tools/bin/../lib/gcc/pic32mx/4.5.2/../../../../pic32mx/lib/libc.a(lib_a-wsetup.o)
 .comment       0x00000000       0x3c /home/gombe/workspace/machikania/origdev/pic32/compiler/pic32-tools/bin/../lib/gcc/pic32mx/4.5.2/../../../../pic32mx/lib/libc.a(lib_a-dtoa.o)
 .comment       0x00000000       0x3c /home/gombe/workspace/machikania/origdev/pic32/compiler/pic32-tools/bin/../lib/gcc/pic32mx/4.5.2/../../../../pic32mx/lib/libc.a(lib_a-fflush.o)
 .comment       0x00000000       0x3c /home/gombe/workspace/machikania/origdev/pic32/compiler/pic32-tools/bin/../lib/gcc/pic32mx/4.5.2/../../../../pic32mx/lib/libc.a(lib_a-findfp.o)
 .comment       0x00000000       0x3c /home/gombe/workspace/machikania/origdev/pic32/compiler/pic32-tools/bin/../lib/gcc/pic32mx/4.5.2/../../../../pic32mx/lib/libc.a(lib_a-freer.o)
 .comment       0x00000000       0x3c /home/gombe/workspace/machikania/origdev/pic32/compiler/pic32-tools/bin/../lib/gcc/pic32mx/4.5.2/../../../../pic32mx/lib/libc.a(lib_a-fwalk.o)
 .comment       0x00000000       0x3c /home/gombe/workspace/machikania/origdev/pic32/compiler/pic32-tools/bin/../lib/gcc/pic32mx/4.5.2/../../../../pic32mx/lib/libc.a(lib_a-impure.o)
 .comment       0x00000000       0x3c /home/gombe/workspace/machikania/origdev/pic32/compiler/pic32-tools/bin/../lib/gcc/pic32mx/4.5.2/../../../../pic32mx/lib/libc.a(lib_a-locale.o)
 .comment       0x00000000       0x3c /home/gombe/workspace/machikania/origdev/pic32/compiler/pic32-tools/bin/../lib/gcc/pic32mx/4.5.2/../../../../pic32mx/lib/libc.a(lib_a-makebuf.o)
 .comment       0x00000000       0x3c /home/gombe/workspace/machikania/origdev/pic32/compiler/pic32-tools/bin/../lib/gcc/pic32mx/4.5.2/../../../../pic32mx/lib/libc.a(lib_a-mallocr.o)
 .comment       0x00000000       0x3c /home/gombe/workspace/machikania/origdev/pic32/compiler/pic32-tools/bin/../lib/gcc/pic32mx/4.5.2/../../../../pic32mx/lib/libc.a(lib_a-memchr.o)
 .comment       0x00000000       0x3c /home/gombe/workspace/machikania/origdev/pic32/compiler/pic32-tools/bin/../lib/gcc/pic32mx/4.5.2/../../../../pic32mx/lib/libc.a(lib_a-memcpy.o)
 .comment       0x00000000       0x3c /home/gombe/workspace/machikania/origdev/pic32/compiler/pic32-tools/bin/../lib/gcc/pic32mx/4.5.2/../../../../pic32mx/lib/libc.a(lib_a-memset.o)
 .comment       0x00000000       0x3c /home/gombe/workspace/machikania/origdev/pic32/compiler/pic32-tools/bin/../lib/gcc/pic32mx/4.5.2/../../../../pic32mx/lib/libc.a(lib_a-mlock.o)
 .comment       0x00000000       0x3c /home/gombe/workspace/machikania/origdev/pic32/compiler/pic32-tools/bin/../lib/gcc/pic32mx/4.5.2/../../../../pic32mx/lib/libc.a(lib_a-mprec.o)
 .comment       0x00000000       0x3c /home/gombe/workspace/machikania/origdev/pic32/compiler/pic32-tools/bin/../lib/gcc/pic32mx/4.5.2/../../../../pic32mx/lib/libc.a(lib_a-sbrkr.o)
 .comment       0x00000000       0x3c /home/gombe/workspace/machikania/origdev/pic32/compiler/pic32-tools/bin/../lib/gcc/pic32mx/4.5.2/../../../../pic32mx/lib/libc.a(lib_a-s_fpclassify.o)
 .comment       0x00000000       0x3c /home/gombe/workspace/machikania/origdev/pic32/compiler/pic32-tools/bin/../lib/gcc/pic32mx/4.5.2/../../../../pic32mx/lib/libc.a(lib_a-stdio.o)
 .comment       0x00000000       0x3c /home/gombe/workspace/machikania/origdev/pic32/compiler/pic32-tools/bin/../lib/gcc/pic32mx/4.5.2/../../../../pic32mx/lib/libc.a(lib_a-strcmp.o)
 .comment       0x00000000       0x3c /home/gombe/workspace/machikania/origdev/pic32/compiler/pic32-tools/bin/../lib/gcc/pic32mx/4.5.2/../../../../pic32mx/lib/libc.a(lib_a-strlen.o)
 .comment       0x00000000       0x3c /home/gombe/workspace/machikania/origdev/pic32/compiler/pic32-tools/bin/../lib/gcc/pic32mx/4.5.2/../../../../pic32mx/lib/libc.a(lib_a-vfiprintf.o)
 .comment       0x00000000       0x3c /home/gombe/workspace/machikania/origdev/pic32/compiler/pic32-tools/bin/../lib/gcc/pic32mx/4.5.2/../../../../pic32mx/lib/libc.a(lib_a-writer.o)
 .comment       0x00000000       0x3c /home/gombe/workspace/machikania/origdev/pic32/compiler/pic32-tools/bin/../lib/gcc/pic32mx/4.5.2/../../../../pic32mx/lib/libc.a(lib_a-callocr.o)
 .comment       0x00000000       0x3c /home/gombe/workspace/machikania/origdev/pic32/compiler/pic32-tools/bin/../lib/gcc/pic32mx/4.5.2/../../../../pic32mx/lib/libc.a(lib_a-closer.o)
 .comment       0x00000000       0x3c /home/gombe/workspace/machikania/origdev/pic32/compiler/pic32-tools/bin/../lib/gcc/pic32mx/4.5.2/../../../../pic32mx/lib/libc.a(lib_a-fclose.o)
 .comment       0x00000000       0x3c /home/gombe/workspace/machikania/origdev/pic32/compiler/pic32-tools/bin/../lib/gcc/pic32mx/4.5.2/../../../../pic32mx/lib/libc.a(lib_a-fputwc.o)
 .comment       0x00000000       0x3c /home/gombe/workspace/machikania/origdev/pic32/compiler/pic32-tools/bin/../lib/gcc/pic32mx/4.5.2/../../../../pic32mx/lib/libc.a(lib_a-fstatr.o)
 .comment       0x00000000       0x3c /home/gombe/workspace/machikania/origdev/pic32/compiler/pic32-tools/bin/../lib/gcc/pic32mx/4.5.2/../../../../pic32mx/lib/libc.a(lib_a-fvwrite.o)
 .comment       0x00000000       0x3c /home/gombe/workspace/machikania/origdev/pic32/compiler/pic32-tools/bin/../lib/gcc/pic32mx/4.5.2/../../../../pic32mx/lib/libc.a(lib_a-isattyr.o)
 .comment       0x00000000       0x3c /home/gombe/workspace/machikania/origdev/pic32/compiler/pic32-tools/bin/../lib/gcc/pic32mx/4.5.2/../../../../pic32mx/lib/libc.a(lib_a-lseekr.o)
 .comment       0x00000000       0x3c /home/gombe/workspace/machikania/origdev/pic32/compiler/pic32-tools/bin/../lib/gcc/pic32mx/4.5.2/../../../../pic32mx/lib/libc.a(lib_a-memmove.o)
 .comment       0x00000000       0x3c /home/gombe/workspace/machikania/origdev/pic32/compiler/pic32-tools/bin/../lib/gcc/pic32mx/4.5.2/../../../../pic32mx/lib/libc.a(lib_a-readr.o)
 .comment       0x00000000       0x3c /home/gombe/workspace/machikania/origdev/pic32/compiler/pic32-tools/bin/../lib/gcc/pic32mx/4.5.2/../../../../pic32mx/lib/libc.a(lib_a-reallocr.o)
 .comment       0x00000000       0x3c /home/gombe/workspace/machikania/origdev/pic32/compiler/pic32-tools/bin/../lib/gcc/pic32mx/4.5.2/../../../../pic32mx/lib/libc.a(lib_a-reent.o)
 .comment       0x00000000       0x3c /home/gombe/workspace/machikania/origdev/pic32/compiler/pic32-tools/bin/../lib/gcc/pic32mx/4.5.2/../../../../pic32mx/lib/libc.a(lib_a-wbuf.o)
 .comment       0x00000000       0x3c /home/gombe/workspace/machikania/origdev/pic32/compiler/pic32-tools/bin/../lib/gcc/pic32mx/4.5.2/../../../../pic32mx/lib/libc.a(lib_a-wcrtomb.o)
 .comment       0x00000000       0x3c /home/gombe/workspace/machikania/origdev/pic32/compiler/pic32-tools/bin/../lib/gcc/pic32mx/4.5.2/../../../../pic32mx/lib/libc.a(lib_a-wctomb_r.o)
 .comment       0x0000003b       0x4b /home/gombe/workspace/machikania/origdev/pic32/compiler/pic32-tools/bin/../lib/gcc/pic32mx/4.5.2/../../../../pic32mx/lib/libpic32.a(sbrk.o)
                                 0x87 (size before relaxing)
 .comment       0x00000000       0x3c /home/gombe/workspace/machikania/origdev/pic32/compiler/pic32-tools/bin/../lib/gcc/pic32mx/4.5.2/../../../../pic32mx/lib/libpic32.a(default-bootstrap-exception-handler.o)
 .comment       0x00000000       0x3c /home/gombe/workspace/machikania/origdev/pic32/compiler/pic32-tools/bin/../lib/gcc/pic32mx/4.5.2/../../../../pic32mx/lib/libpic32.a(default-on-reset.o)
 .comment       0x00000000       0x3c /home/gombe/workspace/machikania/origdev/pic32/compiler/pic32-tools/bin/../lib/gcc/pic32mx/4.5.2/../../../../pic32mx/lib/libpic32.a(default-on-bootstrap.o)
 .comment       0x00000086       0x4e /home/gombe/workspace/machikania/origdev/pic32/compiler/pic32-tools/bin/../lib/gcc/pic32mx/4.5.2/../../../../pic32mx/lib/libpic32.a(isatty.o)
                                 0x8a (size before relaxing)
 .comment       0x00000000       0x3c /home/gombe/workspace/machikania/origdev/pic32/compiler/pic32-tools/bin/../lib/gcc/pic32mx/4.5.2/../../../../pic32mx/lib/libpic32.a(read.o)
 .comment       0x00000000       0x3c /home/gombe/workspace/machikania/origdev/pic32/compiler/pic32-tools/bin/../lib/gcc/pic32mx/4.5.2/../../../../pic32mx/lib/libpic32.a(write.o)
 .comment       0x00000000       0x3c /home/gombe/workspace/machikania/origdev/pic32/compiler/pic32-tools/bin/../lib/gcc/pic32mx/4.5.2/../../../../pic32mx/lib/libpic32.a(lseek.o)
 .comment       0x00000000       0x3c /home/gombe/workspace/machikania/origdev/pic32/compiler/pic32-tools/bin/../lib/gcc/pic32mx/4.5.2/../../../../pic32mx/lib/libpic32.a(close.o)
 .comment       0x00000000       0x3c /home/gombe/workspace/machikania/origdev/pic32/compiler/pic32-tools/bin/../lib/gcc/pic32mx/4.5.2/../../../../pic32mx/lib/libpic32.a(fstat.o)
 .comment       0x00000000       0x3c /home/gombe/workspace/machikania/origdev/pic32/compiler/pic32-tools/bin/../lib/gcc/pic32mx/4.5.2/../../../../pic32mx/lib/libpic32.a(xc32_uart.o)
 .comment       0x00000000       0x3c /home/gombe/workspace/machikania/origdev/pic32/compiler/pic32-tools/bin/../lib/gcc/pic32mx/4.5.2/../../../../pic32mx/lib/libpic32.a(_mon_putc.o)
 .comment       0x00000000       0x3c /home/gombe/workspace/machikania/origdev/pic32/compiler/pic32-tools/bin/../lib/gcc/pic32mx/4.5.2/../../../../pic32mx/lib/libpic32.a(defaultinterrupt.o)
 .comment       0x00000000       0x3c /home/gombe/workspace/machikania/origdev/pic32/compiler/pic32-tools/bin/../lib/gcc/pic32mx/4.5.2/libgcc.a(_udivdi3.o)
 .comment       0x00000000       0x3c /home/gombe/workspace/machikania/origdev/pic32/compiler/pic32-tools/bin/../lib/gcc/pic32mx/4.5.2/libgcc.a(_umoddi3.o)
 .comment       0x00000000       0x3c /home/gombe/workspace/machikania/origdev/pic32/compiler/pic32-tools/bin/../lib/gcc/pic32mx/4.5.2/libgcc.a(ledf2.o)
 .comment       0x000000d4       0x3c /home/gombe/workspace/machikania/origdev/pic32/compiler/pic32-tools/bin/../lib/gcc/pic32mx/4.5.2/../../../../pic32mx/lib/libmchp_peripheral_32MX250F128B.a(osc_config_lib.o)
                                 0x3d (size before relaxing)
 .comment       0x00000000       0x3d /home/gombe/workspace/machikania/origdev/pic32/compiler/pic32-tools/bin/../lib/gcc/pic32mx/4.5.2/../../../../pic32mx/lib/libmchp_peripheral_32MX250F128B.a(int_disable_interrupts_lib.o)
 .comment       0x00000000       0x3d /home/gombe/workspace/machikania/origdev/pic32/compiler/pic32-tools/bin/../lib/gcc/pic32mx/4.5.2/../../../../pic32mx/lib/libmchp_peripheral_32MX250F128B.a(int_restore_interrupts_lib.o)
 .comment       0x00000000       0x3d /home/gombe/workspace/machikania/origdev/pic32/compiler/pic32-tools/bin/../lib/gcc/pic32mx/4.5.2/../../../../pic32mx/lib/libmchp_peripheral_32MX250F128B.a(int_enable_mv_int_lib.o)
 .comment       0x00000000       0x3d /home/gombe/workspace/machikania/origdev/pic32/compiler/pic32-tools/bin/../lib/gcc/pic32mx/4.5.2/../../../../pic32mx/lib/libmchp_peripheral_32MX250F128B.a(spi_getc_spi2_lib_legacy.o)
 .comment       0x00000000       0x3d /home/gombe/workspace/machikania/origdev/pic32/compiler/pic32-tools/bin/../lib/gcc/pic32mx/4.5.2/../../../../pic32mx/lib/libmchp_peripheral_32MX250F128B.a(spi_open_spi2_lib_legacy.o)
 .comment       0x00000000       0x3d /home/gombe/workspace/machikania/origdev/pic32/compiler/pic32-tools/bin/../lib/gcc/pic32mx/4.5.2/../../../../pic32mx/lib/libmchp_peripheral_32MX250F128B.a(spi_brg_tbl_lib_legacy.o)
 .comment       0x00000000       0x3d /home/gombe/workspace/machikania/origdev/pic32/compiler/pic32-tools/bin/../lib/gcc/pic32mx/4.5.2/../../../../pic32mx/lib/libmchp_peripheral_32MX250F128B.a(dma_chn_clr_ev_flags_lib.o)
 .comment       0x00000000       0x3d /home/gombe/workspace/machikania/origdev/pic32/compiler/pic32-tools/bin/../lib/gcc/pic32mx/4.5.2/../../../../pic32mx/lib/libmchp_peripheral_32MX250F128B.a(dma_chn_open_lib.o)
 .comment       0x00000000       0x3d /home/gombe/workspace/machikania/origdev/pic32/compiler/pic32-tools/bin/../lib/gcc/pic32mx/4.5.2/../../../../pic32mx/lib/libmchp_peripheral_32MX250F128B.a(dma_chn_enable_lib.o)
 .comment       0x00000000       0x3d /home/gombe/workspace/machikania/origdev/pic32/compiler/pic32-tools/bin/../lib/gcc/pic32mx/4.5.2/../../../../pic32mx/lib/libmchp_peripheral_32MX250F128B.a(dma_chn_get_ev_flags_lib.o)
 .comment       0x00000000       0x3d /home/gombe/workspace/machikania/origdev/pic32/compiler/pic32-tools/bin/../lib/gcc/pic32mx/4.5.2/../../../../pic32mx/lib/libmchp_peripheral_32MX250F128B.a(dma_chn_write_event_control_flags_lib.o)
 .comment       0x00000000       0x3d /home/gombe/workspace/machikania/origdev/pic32/compiler/pic32-tools/bin/../lib/gcc/pic32mx/4.5.2/../../../../pic32mx/lib/libmchp_peripheral_32MX250F128B.a(dma_chn_set_txfer_lib.o)
 .comment       0x00000000       0x3d /home/gombe/workspace/machikania/origdev/pic32/compiler/pic32-tools/bin/../lib/gcc/pic32mx/4.5.2/../../../../pic32mx/lib/libmchp_peripheral_32MX250F128B.a(dma_chn_start_txfer_lib.o)
 .comment       0x00000000       0x3d /home/gombe/workspace/machikania/origdev/pic32/compiler/pic32-tools/bin/../lib/gcc/pic32mx/4.5.2/../../../../pic32mx/lib/libmchp_peripheral_32MX250F128B.a(dma_reg_map_tbl_lib.o)
 .comment       0x00000000       0x3d /home/gombe/workspace/machikania/origdev/pic32/compiler/pic32-tools/bin/../lib/gcc/pic32mx/4.5.2/../../../../pic32mx/lib/libmchp_peripheral_32MX250F128B.a(int_enable_interrupts_lib.o)
 .comment       0x00000000       0x3d /home/gombe/workspace/machikania/origdev/pic32/compiler/pic32-tools/bin/../lib/gcc/pic32mx/4.5.2/../../../../pic32mx/lib/libmchp_peripheral_32MX250F128B.a(int_tbl_lib.o)
 .comment       0x00000000       0x3c /home/gombe/workspace/machikania/origdev/pic32/compiler/pic32-tools/bin/../lib/gcc/pic32mx/4.5.2/../../../../pic32mx/lib/libc.a(lib_a-errno.o)

.debug
 *(.debug)

.line
 *(.line)

.debug_srcinfo
 *(.debug_srcinfo)

.debug_sfnames
 *(.debug_sfnames)

.debug_aranges  0x00000000      0x6d0
 *(.debug_aranges)
 .debug_aranges
                0x00000000       0x20 obj/xprintf.o
 .debug_aranges
                0x00000020       0x20 obj/ff.o
 .debug_aranges
                0x00000040       0x20 obj/mmc_xmega.o
 .debug_aranges
                0x00000060       0x20 obj/triangle.o
 .debug_aranges
                0x00000080       0x20 obj/matrix4.o
 .debug_aranges
                0x000000a0       0x20 obj/vector2.o
 .debug_aranges
                0x000000c0       0x20 obj/newmain.o
 .debug_aranges
                0x000000e0       0x20 obj/vector3.o
 .debug_aranges
                0x00000100       0x20 obj/graphicdraw.o
 .debug_aranges
                0x00000120       0x20 obj/composite32-high4.o
 .debug_aranges
                0x00000140       0x28 obj/crtn.o
 .debug_aranges
                0x00000168       0x28 obj/crti.o
 .debug_aranges
                0x00000190       0x40 obj/crt0.o
 .debug_aranges
                0x000001d0       0x20 /home/gombe/workspace/machikania/origdev/pic32/compiler/pic32-tools/bin/../lib/gcc/pic32mx/4.5.2/libgcc.a(_divdi3.o)
 .debug_aranges
                0x000001f0       0x20 /home/gombe/workspace/machikania/origdev/pic32/compiler/pic32-tools/bin/../lib/gcc/pic32mx/4.5.2/libgcc.a(addsf3.o)
 .debug_aranges
                0x00000210       0x20 /home/gombe/workspace/machikania/origdev/pic32/compiler/pic32-tools/bin/../lib/gcc/pic32mx/4.5.2/libgcc.a(eqsf2.o)
 .debug_aranges
                0x00000230       0x20 /home/gombe/workspace/machikania/origdev/pic32/compiler/pic32-tools/bin/../lib/gcc/pic32mx/4.5.2/libgcc.a(gesf2.o)
 .debug_aranges
                0x00000250       0x20 /home/gombe/workspace/machikania/origdev/pic32/compiler/pic32-tools/bin/../lib/gcc/pic32mx/4.5.2/libgcc.a(mulsf3.o)
 .debug_aranges
                0x00000270       0x20 /home/gombe/workspace/machikania/origdev/pic32/compiler/pic32-tools/bin/../lib/gcc/pic32mx/4.5.2/libgcc.a(subsf3.o)
 .debug_aranges
                0x00000290       0x20 /home/gombe/workspace/machikania/origdev/pic32/compiler/pic32-tools/bin/../lib/gcc/pic32mx/4.5.2/libgcc.a(fixsfsi.o)
 .debug_aranges
                0x000002b0       0x20 /home/gombe/workspace/machikania/origdev/pic32/compiler/pic32-tools/bin/../lib/gcc/pic32mx/4.5.2/libgcc.a(floatsisf.o)
 .debug_aranges
                0x000002d0       0x20 /home/gombe/workspace/machikania/origdev/pic32/compiler/pic32-tools/bin/../lib/gcc/pic32mx/4.5.2/libgcc.a(floatunsisf.o)
 .debug_aranges
                0x000002f0       0x20 /home/gombe/workspace/machikania/origdev/pic32/compiler/pic32-tools/bin/../lib/gcc/pic32mx/4.5.2/libgcc.a(adddf3.o)
 .debug_aranges
                0x00000310       0x20 /home/gombe/workspace/machikania/origdev/pic32/compiler/pic32-tools/bin/../lib/gcc/pic32mx/4.5.2/libgcc.a(divdf3.o)
 .debug_aranges
                0x00000330       0x20 /home/gombe/workspace/machikania/origdev/pic32/compiler/pic32-tools/bin/../lib/gcc/pic32mx/4.5.2/libgcc.a(eqdf2.o)
 .debug_aranges
                0x00000350       0x20 /home/gombe/workspace/machikania/origdev/pic32/compiler/pic32-tools/bin/../lib/gcc/pic32mx/4.5.2/libgcc.a(gedf2.o)
 .debug_aranges
                0x00000370       0x20 /home/gombe/workspace/machikania/origdev/pic32/compiler/pic32-tools/bin/../lib/gcc/pic32mx/4.5.2/libgcc.a(muldf3.o)
 .debug_aranges
                0x00000390       0x20 /home/gombe/workspace/machikania/origdev/pic32/compiler/pic32-tools/bin/../lib/gcc/pic32mx/4.5.2/libgcc.a(subdf3.o)
 .debug_aranges
                0x000003b0       0x20 /home/gombe/workspace/machikania/origdev/pic32/compiler/pic32-tools/bin/../lib/gcc/pic32mx/4.5.2/libgcc.a(fixdfsi.o)
 .debug_aranges
                0x000003d0       0x20 /home/gombe/workspace/machikania/origdev/pic32/compiler/pic32-tools/bin/../lib/gcc/pic32mx/4.5.2/libgcc.a(floatsidf.o)
 .debug_aranges
                0x000003f0       0x20 /home/gombe/workspace/machikania/origdev/pic32/compiler/pic32-tools/bin/../lib/gcc/pic32mx/4.5.2/libgcc.a(floatunsidf.o)
 .debug_aranges
                0x00000410       0x20 /home/gombe/workspace/machikania/origdev/pic32/compiler/pic32-tools/bin/../lib/gcc/pic32mx/4.5.2/libgcc.a(extendsfdf2.o)
 .debug_aranges
                0x00000430       0x20 /home/gombe/workspace/machikania/origdev/pic32/compiler/pic32-tools/bin/../lib/gcc/pic32mx/4.5.2/libgcc.a(truncdfsf2.o)
 .debug_aranges
                0x00000450       0x20 /home/gombe/workspace/machikania/origdev/pic32/compiler/pic32-tools/bin/../lib/gcc/pic32mx/4.5.2/libgcc.a(_udivdi3.o)
 .debug_aranges
                0x00000470       0x20 /home/gombe/workspace/machikania/origdev/pic32/compiler/pic32-tools/bin/../lib/gcc/pic32mx/4.5.2/libgcc.a(_umoddi3.o)
 .debug_aranges
                0x00000490       0x20 /home/gombe/workspace/machikania/origdev/pic32/compiler/pic32-tools/bin/../lib/gcc/pic32mx/4.5.2/libgcc.a(ledf2.o)
 .debug_aranges
                0x000004b0       0x20 /home/gombe/workspace/machikania/origdev/pic32/compiler/pic32-tools/bin/../lib/gcc/pic32mx/4.5.2/../../../../pic32mx/lib/libmchp_peripheral_32MX250F128B.a(osc_config_lib.o)
 .debug_aranges